Component: ARM Compiler 5.06 update 6 (build 750) Tool: armlink [4d35ed]

==============================================================================

Section Cross References

    exercise01.o(RESET) refers to exercise01.o(RAM) for SP_INIT
    exercise01.o(RESET) refers to exercise01.o(MyCode) for Reset_Handler
    exercise01.o(MyCode) refers to exercise01.o(RAM) for SP_INIT
    exercise01.o(MyCode) refers to exercise01.o(MyConst) for ConstData


==============================================================================

Image Symbol Table

    Local Symbols

    Symbol Name                              Value     Ov Type        Size  Object(Section)

    RESET                                    0x00000000   Section        8  exercise01.o(RESET)
    Exercise01.s                             0x00000000   Number         0  exercise01.o ABSOLUTE
    MyCode                                   0x00000008   Section       56  exercise01.o(MyCode)
    MyConst                                  0x00000040   Section       16  exercise01.o(MyConst)
    ConstData                                0x00000040   Data          16  exercise01.o(MyConst)
    RAM                                      0x1fffe000   Section      264  exercise01.o(RAM)
    SP_INIT                                  0x1fffe100   Data           0  exercise01.o(RAM)
    VarData                                  0x1fffe100   Data           8  exercise01.o(RAM)

    Global Symbols

    Symbol Name                              Value     Ov Type        Size  Object(Section)

    BuildAttributes$$THM_ISAv3M$S$PE$A:L22$X:L11$S22$IEEE1$IW$USESV6$~STKCKD$USESV7$~SHL$OSPACE$EBA8$STANDARDLIB$EABIv2 0x00000000   Number         0  anon$$obj.o ABSOLUTE
    __Vectors                                0x00000000   Data           0  exercise01.o(RESET)
    Reset_Handler                            0x00000009   Thumb Code     0  exercise01.o(MyCode)



==============================================================================

Memory Map of the image

  Image Entry point : 0x00000009

  Load Region LR_IROM1 (Base: 0x00000000, Size: 0x00000158, Max: 0x00040000, ABSOLUTE)

    Execution Region ER_IROM1 (Exec base: 0x00000000, Load base: 0x00000000, Size: 0x00000050, Max: 0x00040000, ABSOLUTE)

    Exec Addr    Load Addr    Size         Type   Attr      Idx    E Section Name        Object

    0x00000000   0x00000000   0x00000008   Data   RO            1    RESET               exercise01.o
    0x00000008   0x00000008   0x00000038   Code   RO            2  * MyCode              exercise01.o
    0x00000040   0x00000040   0x00000010   Data   RO            3    MyConst             exercise01.o


    Execution Region RW_IRAM1 (Exec base: 0x1fffe000, Load base: 0x00000050, Size: 0x00000108, Max: 0x00008000, ABSOLUTE)

    Exec Addr    Load Addr    Size         Type   Attr      Idx    E Section Name        Object

    0x1fffe000   0x00000050   0x00000108   Data   RW            4    RAM                 exercise01.o


==============================================================================

Image component sizes


      Code (inc. data)   RO Data    RW Data    ZI Data      Debug   Object Name

        56         18         24        264          0        260   exercise01.o

    ----------------------------------------------------------------------
        56         18         24        264          0        260   Object Totals
         0          0          0          0          0          0   (incl. Generated)
         0          0          0          0          0          0   (incl. Padding)

    ----------------------------------------------------------------------
         0          0          0          0          0          0   Library Totals
         0          0          0          0          0          0   (incl. Padding)

    ----------------------------------------------------------------------

==============================================================================


      Code (inc. data)   RO Data    RW Data    ZI Data      Debug   

        56         18         24        264          0        260   Grand Totals
        56         18         24        264          0        260   ELF Image Totals
        56         18         24        264          0          0   ROM Totals

==============================================================================

    Total RO  Size (Code + RO Data)                   80 (   0.08kB)
    Total RW  Size (RW Data + ZI Data)               264 (   0.26kB)
    Total ROM Size (Code + RO Data + RW Data)        344 (   0.34kB)

==============================================================================

