<html>
<body>
<pre>
<h1>µVision Build Log</h1>
<h2>Tool Versions:</h2>
IDE-Version: µVision V5.26.2.0
Copyright (C) 2018 ARM Ltd and ARM Germany GmbH. All rights reserved.
License Information: Ngo An, ---, LIC=----
 
Tool Versions:
Toolchain:       MDK-Lite  Version: 5.26.2.0
Toolchain Path:  C:\Keil_v5\ARM\ARMCC\Bin
C Compiler:      Armcc.exe V5.06 update 6 (build 750)
Assembler:       Armasm.exe V5.06 update 6 (build 750)
Linker/Locator:  ArmLink.exe V5.06 update 6 (build 750)
Library Manager: ArmAr.exe V5.06 update 6 (build 750)
Hex Converter:   FromElf.exe V5.06 update 6 (build 750)
CPU DLL:         SARMCM3.DLL V5.26.2.0
Dialog DLL:      DARMCM1.DLL V1.19.1.0
Target DLL:      PEMicro\Pemicro_ArmCortexInterface.dll V1.11
Dialog DLL:      TARMCM1.DLL V1.14.0.0
 
<h2>Project:</h2>
C:\Users\An-laptop\code\embeded\hello world\demo_apps\hello_world\mdk\hello_world.uvprojx
Project File Date:  02/22/2024

<h2>Output:</h2>
*** Using Compiler 'V5.06 update 6 (build 750)', folder: 'C:\Keil_v5\ARM\ARMCC\Bin'
Rebuild target 'hello_world debug'
compiling fsl_common.c...
compiling clock_config.c...
compiling board.c...
compiling hello_world.c...
compiling peripherals.c...
compiling fsl_clock.c...
compiling pin_mux.c...
compiling fsl_gpio.c...
compiling fsl_ftfx_cache.c...
compiling fsl_ftfx_flash.c...
compiling fsl_ftfx_controller.c...
compiling fsl_ftfx_flexnvm.c...
compiling fsl_i2c.c...
compiling fsl_lpsci.c...
compiling fsl_smc.c...
compiling fsl_assert.c...
compiling fsl_io.c...
compiling fsl_uart.c...
assembling startup_MKL46Z4.s...
compiling fsl_debug_console.c...
compiling fsl_log.c...
compiling fsl_str.c...
compiling system_MKL46Z4.c...
linking...
Program Size: Code=6276 RO-data=644 RW-data=56 ZI-data=2060  
"debug\hello_world.out" - 0 Error(s), 0 Warning(s).

<h2>Software Packages used:</h2>

Package Vendor: ARM
                http://www.keil.com/pack/ARM.CMSIS.5.4.0.pack
                ARM.CMSIS.5.4.0
                CMSIS (Cortex Microcontroller Software Interface Standard)
   * Component: CORE Version: 5.1.2

Package Vendor: NXP
                https://mcuxpresso.nxp.com/cmsis_pack/repo/NXP.FRDM-KL46Z_BSP.10.0.3.pack
                NXP.FRDM-KL46Z_BSP.10.0.3
                Board Support Pack for FRDM-KL46Z
   * Component: project_template Variant: frdmkl46z Version: 1.0.0

Package Vendor: NXP
                http://mcuxpresso.nxp.com/cmsis_pack/repo/NXP.MKL46Z4_DFP.10.0.3.pack
                NXP.MKL46Z4_DFP.10.0.3
                Device Family Pack for MKL46Z4
   * Component: clock Version: 2.1.0
   * Component: common Version: 2.0.0
   * Component: flash Version: 3.0.0
   * Component: gpio Version: 2.2.1
   * Component: i2c Version: 2.0.5
   * Component: lpsci Version: 2.0.4
   * Component: port Version: 2.0.2
   * Component: smc Version: 2.0.3
   * Component: uart Version: 2.1.5
   * Component: assert Version: 1.0.0
   * Component: debug_console Version: 1.0.0
   * Component: Startup Version: 1.0.0

<h2>Collection of Component include folders:</h2>
  .\RTE\Board_Support\MKL46Z256VLL4
  .\RTE\Device\MKL46Z256VLL4
  .\RTE\_hello_world_debug
  C:\Keil_v5\ARM\PACK\ARM\CMSIS\5.4.0\CMSIS\Core\Include
  C:\Keil_v5\ARM\PACK\NXP\MKL46Z4_DFP\10.0.3\drivers
  C:\Keil_v5\ARM\PACK\NXP\MKL46Z4_DFP\10.0.3\utilities
  C:\Keil_v5\ARM\PACK\NXP\MKL46Z4_DFP\10.0.3\utilities\io
  C:\Keil_v5\ARM\PACK\NXP\MKL46Z4_DFP\10.0.3\utilities\log
  C:\Keil_v5\ARM\PACK\NXP\MKL46Z4_DFP\10.0.3\utilities\str

<h2>Collection of Component Files used:</h2>

   * Component: ARM::CMSIS:CORE:5.1.2

   * Component: NXP::Board Support:SDK Project Template:project_template:frdmkl46z:1.0.0
      Include file:  project_template\board.h
      Source file:   project_template\board.c
      Source file:   project_template\peripherals.c
      Include file:  project_template\pin_mux.h
      Source file:   project_template\pin_mux.c
      Include file:  project_template\peripherals.h
      Source file:   project_template\clock_config.c
      Include file:  project_template\clock_config.h

   * Component: NXP::Device:SDK Drivers:clock:2.1.0
      Source file:   drivers\fsl_clock.c
      Include file:  drivers\fsl_clock.h

   * Component: NXP::Device:SDK Drivers:common:2.0.0
      Include file:  drivers\fsl_common.h
      Source file:   drivers\fsl_common.c

   * Component: NXP::Device:SDK Drivers:flash:3.0.0
      Source file:   drivers\fsl_ftfx_flexnvm.c
      Include file:  drivers\fsl_ftfx_utilities.h
      Include file:  drivers\fsl_flash.h
      Source file:   drivers\fsl_ftfx_cache.c
      Include file:  drivers\fsl_ftfx_cache.h
      Include file:  drivers\fsl_ftfx_controller.h
      Include file:  drivers\fsl_ftfx_features.h
      Source file:   drivers\fsl_ftfx_controller.c
      Include file:  drivers\fsl_ftfx_adapter.h
      Source file:   drivers\fsl_ftfx_flash.c
      Include file:  drivers\fsl_ftfx_flash.h
      Include file:  drivers\fsl_ftfx_flexnvm.h

   * Component: NXP::Device:SDK Drivers:gpio:2.2.1
      Source file:   drivers\fsl_gpio.c
      Include file:  drivers\fsl_gpio.h

   * Component: NXP::Device:SDK Drivers:i2c:2.0.5
      Include file:  drivers\fsl_i2c.h
      Source file:   drivers\fsl_i2c.c

   * Component: NXP::Device:SDK Drivers:lpsci:2.0.4
      Source file:   drivers\fsl_lpsci.c
      Include file:  drivers\fsl_lpsci.h

   * Component: NXP::Device:SDK Drivers:port:2.0.2
      Include file:  drivers\fsl_port.h

   * Component: NXP::Device:SDK Drivers:smc:2.0.3
      Source file:   drivers\fsl_smc.c
      Include file:  drivers\fsl_smc.h

   * Component: NXP::Device:SDK Drivers:uart:2.1.5
      Source file:   drivers\fsl_uart.c
      Include file:  drivers\fsl_uart.h

   * Component: NXP::Device:SDK Utilities:assert:1.0.0
      Source file:   utilities\fsl_assert.c

   * Component: NXP::Device:SDK Utilities:debug_console:1.0.0
      Source file:   utilities\str\fsl_str.c
      Include file:  utilities\log\fsl_log.h
      Source file:   utilities\fsl_debug_console.c
      Include file:  utilities\fsl_debug_console.h
      Include file:  utilities\fsl_debug_console_conf.h
      Source file:   utilities\log\fsl_log.c
      Include file:  utilities\str\fsl_str.h
      Include file:  utilities\io\fsl_io.h
      Source file:   utilities\io\fsl_io.c

   * Component: NXP::Device:Startup:1.0.0
      Include file:  fsl_device_registers.h
      Source file:   arm\startup_MKL46Z4.s
      Include file:  MKL46Z4.h
      Include file:  MKL46Z4_features.h
      Source file:   system_MKL46Z4.c
      Include file:  system_MKL46Z4.h
Build Time Elapsed:  00:00:02
</pre>
</body>
</html>
