Component: ARM Compiler 5.06 update 6 (build 750) Tool: armlink [4d35ed]

==============================================================================

Section Cross References

    main.o(i.main) refers to seg_lcd.o(i.SystemClockConfiguration) for SystemClockConfiguration
    main.o(i.main) refers to seg_lcd.o(i.SegLCD_Init) for SegLCD_Init
    main.o(i.main) refers to mag.o(i.mag_init) for mag_init
    main.o(i.main) refers to seg_lcd.o(i.SegLCD_DisplayDecimal) for SegLCD_DisplayDecimal
    main.o(i.main) refers to mag.o(i.mag_read) for mag_read
    main.o(i.main) refers to sqrt.o(i.sqrt) for sqrt
    main.o(i.main) refers to aeabi_sdiv.o(.text) for __aeabi_idivmod
    main.o(i.my_mag_calib) refers to seg_lcd.o(i.SegLCD_DisplayDecimal) for SegLCD_DisplayDecimal
    main.o(i.my_mag_calib) refers to mag.o(i.mag_read) for mag_read
    main.o(i.my_mag_calib) refers to mag.o(i.mag_set) for mag_set
    seg_lcd.o(i.SegLCD_DisplayDecimal) refers to seg_lcd.o(i.SegLCD_DisplayError) for SegLCD_DisplayError
    seg_lcd.o(i.SegLCD_DisplayDecimal) refers to aeabi_sdiv.o(.text) for __aeabi_idivmod
    seg_lcd.o(i.SegLCD_DisplayDecimal) refers to seg_lcd.o(i.SegLCD_Set) for SegLCD_Set
    seg_lcd.o(i.SegLCD_DisplayError) refers to seg_lcd.o(i.SegLCD_Set) for SegLCD_Set
    seg_lcd.o(i.SegLCD_DisplayHex) refers to seg_lcd.o(i.SegLCD_Set) for SegLCD_Set
    seg_lcd.o(i.SegLCD_DisplayTime) refers to seg_lcd.o(i.SegLCD_DisplayError) for SegLCD_DisplayError
    seg_lcd.o(i.SegLCD_DisplayTime) refers to aeabi_sdiv.o(.text) for __aeabi_idivmod
    seg_lcd.o(i.SegLCD_DisplayTime) refers to seg_lcd.o(i.SegLCD_Set) for SegLCD_Set
    seg_lcd.o(i.SegLCD_Set) refers to seg_lcd.o(i.SegLCD_DisplayError) for SegLCD_DisplayError
    seg_lcd.o(i.SegLCD_Set) refers to seg_lcd.o(.constdata) for LCD_Frontplane_Pin
    mag.o(i.mag_calib) refers to mag.o(i.mag_read) for mag_read
    mag.o(i.mag_calib) refers to mag.o(i.mag_set) for mag_set
    mag.o(i.mag_init) refers to i2c.o(i.InitI2C) for InitI2C
    mag.o(i.mag_init) refers to mag.o(i.mag_set) for mag_set
    mag.o(i.mag_read) refers to i2c.o(i.WriteToI2C) for WriteToI2C
    mag.o(i.mag_read) refers to i2c.o(i.I2CWait) for I2CWait
    mag.o(i.mag_read) refers to i2c.o(i.I2C_Get_Ack) for I2C_Get_Ack
    mag.o(i.mag_read) refers to mag.o(i.pause) for pause
    mag.o(i.mag_set) refers to i2c.o(i.WriteToI2C) for WriteToI2C
    mag.o(i.mag_set) refers to i2c.o(i.I2CWait) for I2CWait
    mag.o(i.mag_set) refers to i2c.o(i.I2C_Get_Ack) for I2C_Get_Ack
    mag.o(i.mag_set) refers to mag.o(i.pause) for pause
    startup_mkl46z4.o(RESET) refers to startup_mkl46z4.o(.text) for Reset_Handler
    startup_mkl46z4.o(.text) refers to startup_mkl46z4.o(FlashConfig) for FlashConfig
    startup_mkl46z4.o(.text) refers to startup_mkl46z4.o(RESET) for __Vectors
    startup_mkl46z4.o(.text) refers to system_mkl46z4.o(i.SystemInit) for SystemInit
    startup_mkl46z4.o(.text) refers to __main.o(!!!main) for __main
    system_mkl46z4.o(i.SystemCoreClockUpdate) refers to aeabi_sdiv.o(.text) for __aeabi_uidivmod
    system_mkl46z4.o(i.SystemCoreClockUpdate) refers to system_mkl46z4.o(i.__ARM_common_switch8) for __ARM_common_switch8
    system_mkl46z4.o(i.SystemCoreClockUpdate) refers to system_mkl46z4.o(.data) for SystemCoreClock
    system_mkl46z4.o(i.SystemInit) refers to system_mkl46z4.o(i.SystemInitHook) for SystemInitHook
    __main.o(!!!main) refers to __rtentry.o(.ARM.Collect$$rtentry$$00000000) for __rt_entry
    sqrt.o(i.__softfp_sqrt) refers (Special) to usenofp.o(x$fpl$usenofp) for __I$use$fp
    sqrt.o(i.__softfp_sqrt) refers to dsqrt.o(.text) for _dsqrt
    sqrt.o(i.__softfp_sqrt) refers to _rserrno.o(.text) for __set_errno
    sqrt.o(i.sqrt) refers (Special) to usenofp.o(x$fpl$usenofp) for __I$use$fp
    sqrt.o(i.sqrt) refers to dsqrt.o(.text) for _dsqrt
    sqrt.o(i.sqrt) refers to _rserrno.o(.text) for __set_errno
    sqrt_x.o(i.____softfp_sqrt$lsc) refers (Special) to usenofp.o(x$fpl$usenofp) for __I$use$fp
    sqrt_x.o(i.____softfp_sqrt$lsc) refers to dlef.o(x$fpl$dleqf) for __aeabi_cdcmple
    sqrt_x.o(i.____softfp_sqrt$lsc) refers to _rserrno.o(.text) for __set_errno
    sqrt_x.o(i.____softfp_sqrt$lsc) refers to dsqrt.o(.text) for _dsqrt
    sqrt_x.o(i.__sqrt$lsc) refers (Special) to usenofp.o(x$fpl$usenofp) for __I$use$fp
    sqrt_x.o(i.__sqrt$lsc) refers to dlef.o(x$fpl$dleqf) for __aeabi_cdcmple
    sqrt_x.o(i.__sqrt$lsc) refers to _rserrno.o(.text) for __set_errno
    sqrt_x.o(i.__sqrt$lsc) refers to dsqrt.o(.text) for _dsqrt
    __rtentry.o(.ARM.Collect$$rtentry$$00000000) refers (Special) to __rtentry2.o(.ARM.Collect$$rtentry$$0000000A) for __rt_entry_li
    __rtentry.o(.ARM.Collect$$rtentry$$00000000) refers (Special) to __rtentry2.o(.ARM.Collect$$rtentry$$0000000D) for __rt_entry_main
    __rtentry.o(.ARM.Collect$$rtentry$$00000000) refers (Special) to __rtentry2.o(.ARM.Collect$$rtentry$$0000000C) for __rt_entry_postli_1
    __rtentry.o(.ARM.Collect$$rtentry$$00000000) refers (Special) to __rtentry2.o(.ARM.Collect$$rtentry$$00000009) for __rt_entry_postsh_1
    __rtentry.o(.ARM.Collect$$rtentry$$00000000) refers (Special) to __rtentry2.o(.ARM.Collect$$rtentry$$00000002) for __rt_entry_presh_1
    __rtentry.o(.ARM.Collect$$rtentry$$00000000) refers (Special) to __rtentry7.o(.ARM.Collect$$rtentry$$00000007) for __rt_entry_sh
    aeabi_idiv0_sigfpe.o(.text) refers to rt_div0.o(.text) for __rt_div0
    _rserrno.o(.text) refers to rt_errno_addr_intlibspace.o(.text) for __aeabi_errno_addr
    dlef.o(x$fpl$dleqf) refers (Special) to usenofp.o(x$fpl$usenofp) for __I$use$fp
    dlef.o(x$fpl$dleqf) refers to dcmpin.o(.text) for __fpl_dcmp_InfNaN
    dsqrt.o(.text) refers (Special) to usenofp.o(x$fpl$usenofp) for __I$use$fp
    __rtentry2.o(.ARM.Collect$$rtentry$$00000008) refers to boardinit2.o(.text) for _platform_post_stackheap_init
    __rtentry2.o(.ARM.Collect$$rtentry$$0000000A) refers to libinit.o(.ARM.Collect$$libinit$$00000000) for __rt_lib_init
    __rtentry2.o(.ARM.Collect$$rtentry$$0000000B) refers to boardinit3.o(.text) for _platform_post_lib_init
    __rtentry2.o(.ARM.Collect$$rtentry$$0000000D) refers to main.o(i.main) for main
    __rtentry2.o(.ARM.Collect$$rtentry$$0000000D) refers to exit.o(.text) for exit
    __rtentry2.o(.ARM.exidx) refers to __rtentry2.o(.ARM.Collect$$rtentry$$00000001) for .ARM.Collect$$rtentry$$00000001
    __rtentry2.o(.ARM.exidx) refers to __rtentry2.o(.ARM.Collect$$rtentry$$00000008) for .ARM.Collect$$rtentry$$00000008
    __rtentry2.o(.ARM.exidx) refers to __rtentry2.o(.ARM.Collect$$rtentry$$0000000A) for .ARM.Collect$$rtentry$$0000000A
    __rtentry2.o(.ARM.exidx) refers to __rtentry2.o(.ARM.Collect$$rtentry$$0000000B) for .ARM.Collect$$rtentry$$0000000B
    __rtentry2.o(.ARM.exidx) refers to __rtentry2.o(.ARM.Collect$$rtentry$$0000000D) for .ARM.Collect$$rtentry$$0000000D
    __rtentry4.o(.ARM.Collect$$rtentry$$00000004) refers to sys_stackheap_outer.o(.text) for __user_setup_stackheap
    __rtentry4.o(.ARM.exidx) refers to __rtentry4.o(.ARM.Collect$$rtentry$$00000004) for .ARM.Collect$$rtentry$$00000004
    __rtentry7.o(.ARM.Collect$$rtentry$$00000007) refers to __rtentry7.o(.ARM.Collect$$rtentry$$00002718) for __lit__00000000
    __rtentry7.o(__vectab_stack_and_reset_2_area) refers to __main.o(!!!main) for __main
    __rtentry7.o(.ARM.exidx) refers to __rtentry7.o(.ARM.Collect$$rtentry$$00000007) for .ARM.Collect$$rtentry$$00000007
    __rtentry7.o(.ARM.exidx) refers to __rtentry7.o(.ARM.Collect$$rtentry$$00002718) for .ARM.Collect$$rtentry$$00002718
    rt_div0.o(.text) refers to defsig_fpe_outer.o(.text) for __rt_SIGFPE
    rt_errno_addr.o(.text) refers to rt_errno_addr.o(.bss) for __aeabi_errno_addr_data
    rt_errno_addr_intlibspace.o(.text) refers to libspace.o(.bss) for __libspace_start
    dcmpin.o(.text) refers (Special) to usenofp.o(x$fpl$usenofp) for __I$use$fp
    dcmpin.o(.text) refers to cmpret.o(.text) for __fpl_cmpreturn
    dcmpin.o(.text) refers to dnan2.o(.text) for __fpl_dcheck_NaN2
    libspace.o(.text) refers to libspace.o(.bss) for __libspace_start
    sys_stackheap_outer.o(.text) refers to libspace.o(.text) for __user_perproc_libspace
    sys_stackheap_outer.o(.text) refers to sys_stackheap.o(.text) for __user_initial_stackheap
    sys_stackheap_outer.o(__vectab_stack_and_reset_area) refers to tempstk.o(.text) for __temporary_stack_top
    sys_stackheap_outer.o(__vectab_stack_and_reset_area) refers to __main.o(!!!main) for __main
    exit.o(.text) refers to rtexit.o(.ARM.Collect$$rtexit$$00000000) for __rt_exit
    defsig_fpe_outer.o(.text) refers to defsig_fpe_inner.o(.text) for __rt_SIGFPE_inner
    defsig_fpe_outer.o(.text) refers to defsig_exit.o(.text) for __sig_exit
    defsig_fpe_formal.o(.text) refers to rt_raise.o(.text) for __rt_raise
    libinit.o(.ARM.Collect$$libinit$$00000000) refers (Special) to libinit2.o(.ARM.Collect$$libinit$$0000002E) for __rt_lib_init_alloca_1
    libinit.o(.ARM.Collect$$libinit$$00000000) refers (Special) to libinit2.o(.ARM.Collect$$libinit$$0000002C) for __rt_lib_init_argv_1
    libinit.o(.ARM.Collect$$libinit$$00000000) refers (Special) to libinit2.o(.ARM.Collect$$libinit$$0000001B) for __rt_lib_init_atexit_1
    libinit.o(.ARM.Collect$$libinit$$00000000) refers (Special) to libinit2.o(.ARM.Collect$$libinit$$00000021) for __rt_lib_init_clock_1
    libinit.o(.ARM.Collect$$libinit$$00000000) refers (Special) to libinit2.o(.ARM.Collect$$libinit$$00000032) for __rt_lib_init_cpp_1
    libinit.o(.ARM.Collect$$libinit$$00000000) refers (Special) to libinit2.o(.ARM.Collect$$libinit$$00000030) for __rt_lib_init_exceptions_1
    libinit.o(.ARM.Collect$$libinit$$00000000) refers (Special) to libinit2.o(.ARM.Collect$$libinit$$00000002) for __rt_lib_init_fp_1
    libinit.o(.ARM.Collect$$libinit$$00000000) refers (Special) to libinit2.o(.ARM.Collect$$libinit$$0000001F) for __rt_lib_init_fp_trap_1
    libinit.o(.ARM.Collect$$libinit$$00000000) refers (Special) to libinit2.o(.ARM.Collect$$libinit$$00000023) for __rt_lib_init_getenv_1
    libinit.o(.ARM.Collect$$libinit$$00000000) refers (Special) to libinit2.o(.ARM.Collect$$libinit$$0000000A) for __rt_lib_init_heap_1
    libinit.o(.ARM.Collect$$libinit$$00000000) refers (Special) to libinit2.o(.ARM.Collect$$libinit$$00000011) for __rt_lib_init_lc_collate_1
    libinit.o(.ARM.Collect$$libinit$$00000000) refers (Special) to libinit2.o(.ARM.Collect$$libinit$$00000013) for __rt_lib_init_lc_ctype_1
    libinit.o(.ARM.Collect$$libinit$$00000000) refers (Special) to libinit2.o(.ARM.Collect$$libinit$$00000015) for __rt_lib_init_lc_monetary_1
    libinit.o(.ARM.Collect$$libinit$$00000000) refers (Special) to libinit2.o(.ARM.Collect$$libinit$$00000017) for __rt_lib_init_lc_numeric_1
    libinit.o(.ARM.Collect$$libinit$$00000000) refers (Special) to libinit2.o(.ARM.Collect$$libinit$$00000019) for __rt_lib_init_lc_time_1
    libinit.o(.ARM.Collect$$libinit$$00000000) refers (Special) to libinit2.o(.ARM.Collect$$libinit$$00000004) for __rt_lib_init_preinit_1
    libinit.o(.ARM.Collect$$libinit$$00000000) refers (Special) to libinit2.o(.ARM.Collect$$libinit$$0000000E) for __rt_lib_init_rand_1
    libinit.o(.ARM.Collect$$libinit$$00000000) refers (Special) to libinit2.o(.ARM.Collect$$libinit$$00000033) for __rt_lib_init_return
    libinit.o(.ARM.Collect$$libinit$$00000000) refers (Special) to libinit2.o(.ARM.Collect$$libinit$$0000001D) for __rt_lib_init_signal_1
    libinit.o(.ARM.Collect$$libinit$$00000000) refers (Special) to libinit2.o(.ARM.Collect$$libinit$$00000025) for __rt_lib_init_stdio_1
    libinit.o(.ARM.Collect$$libinit$$00000000) refers (Special) to libinit2.o(.ARM.Collect$$libinit$$0000000C) for __rt_lib_init_user_alloc_1
    cmpret.o(.text) refers (Special) to usenofp.o(x$fpl$usenofp) for __I$use$fp
    dnan2.o(.text) refers (Special) to usenofp.o(x$fpl$usenofp) for __I$use$fp
    dnan2.o(.text) refers to retnan.o(.text) for __fpl_return_NaN
    sys_stackheap.o(.text) refers (Special) to indicate_semi.o(.text) for __semihosting_library_function
    sys_stackheap.o(.text) refers to use_no_semi.o(.text) for __I$use$semihosting
    rtexit.o(.ARM.Collect$$rtexit$$00000000) refers (Special) to rtexit2.o(.ARM.Collect$$rtexit$$00000004) for __rt_exit_exit
    rtexit.o(.ARM.Collect$$rtexit$$00000000) refers (Special) to rtexit2.o(.ARM.Collect$$rtexit$$00000003) for __rt_exit_ls
    rtexit.o(.ARM.Collect$$rtexit$$00000000) refers (Special) to rtexit2.o(.ARM.Collect$$rtexit$$00000002) for __rt_exit_prels_1
    rtexit.o(.ARM.exidx) refers (Special) to rtexit2.o(.ARM.Collect$$rtexit$$00000004) for __rt_exit_exit
    rtexit.o(.ARM.exidx) refers (Special) to rtexit2.o(.ARM.Collect$$rtexit$$00000003) for __rt_exit_ls
    rtexit.o(.ARM.exidx) refers (Special) to rtexit2.o(.ARM.Collect$$rtexit$$00000002) for __rt_exit_prels_1
    rtexit.o(.ARM.exidx) refers to rtexit.o(.ARM.Collect$$rtexit$$00000000) for .ARM.Collect$$rtexit$$00000000
    rt_raise.o(.text) refers to __raise.o(.text) for __raise
    rt_raise.o(.text) refers to sys_exit.o(.text) for _sys_exit
    defsig_exit.o(.text) refers to sys_exit.o(.text) for _sys_exit
    defsig_fpe_inner.o(.text) refers to defsig_general.o(.text) for __default_signal_display
    libinit2.o(.ARM.Collect$$libinit$$00000010) refers to libinit2.o(.ARM.Collect$$libinit$$0000000F) for .ARM.Collect$$libinit$$0000000F
    libinit2.o(.ARM.Collect$$libinit$$00000012) refers to libinit2.o(.ARM.Collect$$libinit$$0000000F) for .ARM.Collect$$libinit$$0000000F
    libinit2.o(.ARM.Collect$$libinit$$00000014) refers to libinit2.o(.ARM.Collect$$libinit$$0000000F) for .ARM.Collect$$libinit$$0000000F
    libinit2.o(.ARM.Collect$$libinit$$00000016) refers to libinit2.o(.ARM.Collect$$libinit$$0000000F) for .ARM.Collect$$libinit$$0000000F
    libinit2.o(.ARM.Collect$$libinit$$00000018) refers to libinit2.o(.ARM.Collect$$libinit$$0000000F) for .ARM.Collect$$libinit$$0000000F
    libinit2.o(.ARM.Collect$$libinit$$00000026) refers to argv_veneer.o(.text) for __ARM_argv_veneer
    libinit2.o(.ARM.Collect$$libinit$$00000027) refers to argv_veneer.o(.text) for __ARM_argv_veneer
    libinit5.o(.ARM.Collect$$libinit$$00000008) refers to libinit5.o(.ARM.Collect$$libinit$$00002719) for __lit__00000000
    libinit5.o(.ARM.Collect$$libinit$$0000002A) refers to libinit5.o(.ARM.Collect$$libinit$$0000273B) for __lit__00000002
    libinit5.o(.ARM.Collect$$libinit$$0000002A) refers to argv_veneer.o(.text) for __ARM_argv_veneer
    retnan.o(.text) refers (Special) to usenofp.o(x$fpl$usenofp) for __I$use$fp
    retnan.o(.text) refers to cmpret.o(.text) for __fpl_cmpreturn
    sys_exit.o(.text) refers (Special) to use_no_semi.o(.text) for __I$use$semihosting
    sys_exit.o(.text) refers (Special) to indicate_semi.o(.text) for __semihosting_library_function
    rtexit2.o(.ARM.Collect$$rtexit$$00000003) refers to libshutdown.o(.ARM.Collect$$libshutdown$$00000000) for __rt_lib_shutdown
    rtexit2.o(.ARM.Collect$$rtexit$$00000004) refers to sys_exit.o(.text) for _sys_exit
    rtexit2.o(.ARM.exidx) refers to rtexit2.o(.ARM.Collect$$rtexit$$00000001) for .ARM.Collect$$rtexit$$00000001
    rtexit2.o(.ARM.exidx) refers to rtexit2.o(.ARM.Collect$$rtexit$$00000003) for .ARM.Collect$$rtexit$$00000003
    rtexit2.o(.ARM.exidx) refers to rtexit2.o(.ARM.Collect$$rtexit$$00000004) for .ARM.Collect$$rtexit$$00000004
    __raise.o(.text) refers to defsig.o(CL$$defsig) for __default_signal_handler
    defsig_general.o(.text) refers to sys_wrch.o(.text) for _ttywrch
    sys_wrch.o(.text) refers (Special) to use_no_semi.o(.text) for __I$use$semihosting
    sys_wrch.o(.text) refers (Special) to indicate_semi.o(.text) for __semihosting_library_function
    defsig.o(CL$$defsig) refers to defsig_fpe_inner.o(.text) for __rt_SIGFPE_inner
    defsig.o(CL$$defsig) refers to defsig_rtmem_inner.o(.text) for __rt_SIGRTMEM_inner
    _get_argv_nomalloc.o(.text) refers (Special) to hrguard.o(.text) for __heap_region$guard
    _get_argv_nomalloc.o(.text) refers to defsig_rtmem_outer.o(.text) for __rt_SIGRTMEM
    _get_argv_nomalloc.o(.text) refers to sys_command.o(.text) for _sys_command_string
    libshutdown.o(.ARM.Collect$$libshutdown$$00000000) refers (Special) to libshutdown2.o(.ARM.Collect$$libshutdown$$00000002) for __rt_lib_shutdown_cpp_1
    libshutdown.o(.ARM.Collect$$libshutdown$$00000000) refers (Special) to libshutdown2.o(.ARM.Collect$$libshutdown$$00000007) for __rt_lib_shutdown_fp_trap_1
    libshutdown.o(.ARM.Collect$$libshutdown$$00000000) refers (Special) to libshutdown2.o(.ARM.Collect$$libshutdown$$0000000F) for __rt_lib_shutdown_heap_1
    libshutdown.o(.ARM.Collect$$libshutdown$$00000000) refers (Special) to libshutdown2.o(.ARM.Collect$$libshutdown$$00000010) for __rt_lib_shutdown_return
    libshutdown.o(.ARM.Collect$$libshutdown$$00000000) refers (Special) to libshutdown2.o(.ARM.Collect$$libshutdown$$0000000A) for __rt_lib_shutdown_signal_1
    libshutdown.o(.ARM.Collect$$libshutdown$$00000000) refers (Special) to libshutdown2.o(.ARM.Collect$$libshutdown$$00000004) for __rt_lib_shutdown_stdio_1
    libshutdown.o(.ARM.Collect$$libshutdown$$00000000) refers (Special) to libshutdown2.o(.ARM.Collect$$libshutdown$$0000000C) for __rt_lib_shutdown_user_alloc_1
    sys_command.o(.text) refers (Special) to use_no_semi.o(.text) for __I$use$semihosting
    sys_command.o(.text) refers (Special) to indicate_semi.o(.text) for __semihosting_library_function
    defsig_abrt_inner.o(.text) refers to defsig_general.o(.text) for __default_signal_display
    defsig_rtred_inner.o(.text) refers to defsig_general.o(.text) for __default_signal_display
    defsig_rtmem_inner.o(.text) refers to defsig_general.o(.text) for __default_signal_display
    defsig_rtmem_outer.o(.text) refers to defsig_rtmem_inner.o(.text) for __rt_SIGRTMEM_inner
    defsig_rtmem_outer.o(.text) refers to defsig_exit.o(.text) for __sig_exit
    defsig_rtmem_formal.o(.text) refers to rt_raise.o(.text) for __rt_raise
    defsig_stak_inner.o(.text) refers to defsig_general.o(.text) for __default_signal_display
    defsig_pvfn_inner.o(.text) refers to defsig_general.o(.text) for __default_signal_display
    defsig_cppl_inner.o(.text) refers to defsig_general.o(.text) for __default_signal_display
    defsig_segv_inner.o(.text) refers to defsig_general.o(.text) for __default_signal_display
    defsig_other.o(.text) refers to defsig_general.o(.text) for __default_signal_display


==============================================================================

Removing Unused input sections from the image.

    Removing main.o(.rev16_text), (4 bytes).
    Removing main.o(.revsh_text), (4 bytes).
    Removing main.o(i.my_mag_calib), (464 bytes).
    Removing seg_lcd.o(.rev16_text), (4 bytes).
    Removing seg_lcd.o(.revsh_text), (4 bytes).
    Removing seg_lcd.o(i.SegLCD_DisplayHex), (56 bytes).
    Removing seg_lcd.o(i.SegLCD_DisplayTime), (132 bytes).
    Removing i2c.o(.rev16_text), (4 bytes).
    Removing i2c.o(.revsh_text), (4 bytes).
    Removing mag.o(.rev16_text), (4 bytes).
    Removing mag.o(.revsh_text), (4 bytes).
    Removing mag.o(i.mag_calib), (322 bytes).
    Removing system_mkl46z4.o(.rev16_text), (4 bytes).
    Removing system_mkl46z4.o(.revsh_text), (4 bytes).
    Removing system_mkl46z4.o(i.SystemCoreClockUpdate), (400 bytes).
    Removing system_mkl46z4.o(.data), (4 bytes).
    Removing system_mkl46z4.o(i.__ARM_common_switch8), (28 bytes).

17 unused section(s) (total 1446 bytes) removed from the image.

==============================================================================

Image Symbol Table

    Local Symbols

    Symbol Name                              Value     Ov Type        Size  Object(Section)

    RESET                                    0x00000000   Section      192  startup_mkl46z4.o(RESET)
    ../clib/angel/boardlib.s                 0x00000000   Number         0  boardinit1.o ABSOLUTE
    ../clib/angel/boardlib.s                 0x00000000   Number         0  boardinit2.o ABSOLUTE
    ../clib/angel/boardlib.s                 0x00000000   Number         0  boardshut.o ABSOLUTE
    ../clib/angel/boardlib.s                 0x00000000   Number         0  boardinit3.o ABSOLUTE
    ../clib/angel/handlers.s                 0x00000000   Number         0  __scatter_zi.o ABSOLUTE
    ../clib/angel/kernel.s                   0x00000000   Number         0  __rtentry.o ABSOLUTE
    ../clib/angel/kernel.s                   0x00000000   Number         0  rtexit.o ABSOLUTE
    ../clib/angel/kernel.s                   0x00000000   Number         0  __rtentry4.o ABSOLUTE
    ../clib/angel/kernel.s                   0x00000000   Number         0  __rtentry2.o ABSOLUTE
    ../clib/angel/kernel.s                   0x00000000   Number         0  rtexit2.o ABSOLUTE
    ../clib/angel/kernel.s                   0x00000000   Number         0  __rtentry7.o ABSOLUTE
    ../clib/angel/rt.s                       0x00000000   Number         0  aeabi_idiv0.o ABSOLUTE
    ../clib/angel/rt.s                       0x00000000   Number         0  aeabi_idiv0_sigfpe.o ABSOLUTE
    ../clib/angel/rt.s                       0x00000000   Number         0  rt_raise.o ABSOLUTE
    ../clib/angel/rt.s                       0x00000000   Number         0  rt_errno_addr_intlibspace.o ABSOLUTE
    ../clib/angel/rt.s                       0x00000000   Number         0  rt_errno_addr.o ABSOLUTE
    ../clib/angel/rt.s                       0x00000000   Number         0  rt_div0.o ABSOLUTE
    ../clib/angel/scatterp.s                 0x00000000   Number         0  __scatter.o ABSOLUTE
    ../clib/angel/startup.s                  0x00000000   Number         0  __main.o ABSOLUTE
    ../clib/angel/sys.s                      0x00000000   Number         0  libspace.o ABSOLUTE
    ../clib/angel/sys.s                      0x00000000   Number         0  indicate_semi.o ABSOLUTE
    ../clib/angel/sys.s                      0x00000000   Number         0  use_no_semi.o ABSOLUTE
    ../clib/angel/sys.s                      0x00000000   Number         0  sys_stackheap_outer.o ABSOLUTE
    ../clib/angel/sys.s                      0x00000000   Number         0  tempstk.o ABSOLUTE
    ../clib/angel/sys.s                      0x00000000   Number         0  sys_stackheap.o ABSOLUTE
    ../clib/angel/sysapp.c                   0x00000000   Number         0  sys_exit.o ABSOLUTE
    ../clib/angel/sysapp.c                   0x00000000   Number         0  sys_command.o ABSOLUTE
    ../clib/angel/sysapp.c                   0x00000000   Number         0  sys_wrch.o ABSOLUTE
    ../clib/armsys.c                         0x00000000   Number         0  argv_veneer.o ABSOLUTE
    ../clib/armsys.c                         0x00000000   Number         0  _get_argv_nomalloc.o ABSOLUTE
    ../clib/armsys.c                         0x00000000   Number         0  no_argv.o ABSOLUTE
    ../clib/division.s                       0x00000000   Number         0  aeabi_sdiv.o ABSOLUTE
    ../clib/division.s                       0x00000000   Number         0  aeabi_sdiv_div0.o ABSOLUTE
    ../clib/fenv.c                           0x00000000   Number         0  _rserrno.o ABSOLUTE
    ../clib/heapalloc.c                      0x00000000   Number         0  hrguard.o ABSOLUTE
    ../clib/libinit.s                        0x00000000   Number         0  libinit2.o ABSOLUTE
    ../clib/libinit.s                        0x00000000   Number         0  libshutdown2.o ABSOLUTE
    ../clib/libinit.s                        0x00000000   Number         0  libinit5.o ABSOLUTE
    ../clib/libinit.s                        0x00000000   Number         0  libshutdown.o ABSOLUTE
    ../clib/libinit.s                        0x00000000   Number         0  libinit.o ABSOLUTE
    ../clib/signal.c                         0x00000000   Number         0  defsig_stak_inner.o ABSOLUTE
    ../clib/signal.c                         0x00000000   Number         0  defsig_pvfn_inner.o ABSOLUTE
    ../clib/signal.c                         0x00000000   Number         0  defsig_cppl_inner.o ABSOLUTE
    ../clib/signal.c                         0x00000000   Number         0  defsig_segv_inner.o ABSOLUTE
    ../clib/signal.c                         0x00000000   Number         0  defsig_other.o ABSOLUTE
    ../clib/signal.c                         0x00000000   Number         0  defsig_fpe_outer.o ABSOLUTE
    ../clib/signal.c                         0x00000000   Number         0  defsig_fpe_formal.o ABSOLUTE
    ../clib/signal.c                         0x00000000   Number         0  defsig_rtred_inner.o ABSOLUTE
    ../clib/signal.c                         0x00000000   Number         0  defsig_exit.o ABSOLUTE
    ../clib/signal.c                         0x00000000   Number         0  defsig_fpe_inner.o ABSOLUTE
    ../clib/signal.c                         0x00000000   Number         0  __raise.o ABSOLUTE
    ../clib/signal.c                         0x00000000   Number         0  defsig_general.o ABSOLUTE
    ../clib/signal.c                         0x00000000   Number         0  defsig_abrt_inner.o ABSOLUTE
    ../clib/signal.c                         0x00000000   Number         0  defsig_rtmem_inner.o ABSOLUTE
    ../clib/signal.c                         0x00000000   Number         0  defsig_rtmem_outer.o ABSOLUTE
    ../clib/signal.c                         0x00000000   Number         0  defsig_rtmem_formal.o ABSOLUTE
    ../clib/signal.s                         0x00000000   Number         0  defsig.o ABSOLUTE
    ../clib/stdlib.c                         0x00000000   Number         0  exit.o ABSOLUTE
    ../fplib/cfplib/cmpret.c                 0x00000000   Number         0  cmpret.o ABSOLUTE
    ../fplib/cfplib/dcmpin.c                 0x00000000   Number         0  dcmpin.o ABSOLUTE
    ../fplib/cfplib/dsqrt.c                  0x00000000   Number         0  dsqrt.o ABSOLUTE
    ../fplib/cfplib/fpinit.c                 0x00000000   Number         0  fpinit.o ABSOLUTE
    ../fplib/cfplib/nan2.c                   0x00000000   Number         0  dnan2.o ABSOLUTE
    ../fplib/cfplib/retnan.c                 0x00000000   Number         0  retnan.o ABSOLUTE
    ../fplib/dleqf6m.s                       0x00000000   Number         0  dlef.o ABSOLUTE
    ../fplib/usenofp.s                       0x00000000   Number         0  usenofp.o ABSOLUTE
    ../mathlib/sqrt.c                        0x00000000   Number         0  sqrt.o ABSOLUTE
    ../mathlib/sqrt.c                        0x00000000   Number         0  sqrt_x.o ABSOLUTE
    ..\\lab7\\Seg_LCD.c                      0x00000000   Number         0  seg_lcd.o ABSOLUTE
    ..\lab7\Seg_LCD.c                        0x00000000   Number         0  seg_lcd.o ABSOLUTE
    I2C.c                                    0x00000000   Number         0  i2c.o ABSOLUTE
    I2C.c                                    0x00000000   Number         0  i2c.o ABSOLUTE
    RTE\Device\MKL46Z256VLL4\startup_MKL46Z4.s 0x00000000   Number         0  startup_mkl46z4.o ABSOLUTE
    RTE\Device\MKL46Z256VLL4\system_MKL46Z4.c 0x00000000   Number         0  system_mkl46z4.o ABSOLUTE
    RTE\\Device\\MKL46Z256VLL4\\system_MKL46Z4.c 0x00000000   Number         0  system_mkl46z4.o ABSOLUTE
    dc.s                                     0x00000000   Number         0  dc.o ABSOLUTE
    mag.c                                    0x00000000   Number         0  mag.o ABSOLUTE
    mag.c                                    0x00000000   Number         0  mag.o ABSOLUTE
    main.c                                   0x00000000   Number         0  main.o ABSOLUTE
    main.c                                   0x00000000   Number         0  main.o ABSOLUTE
    FlashConfig                              0x00000400   Section       16  startup_mkl46z4.o(FlashConfig)
    !!!main                                  0x00000410   Section        8  __main.o(!!!main)
    !!!scatter                               0x00000418   Section       60  __scatter.o(!!!scatter)
    !!handler_zi                             0x00000454   Section       28  __scatter_zi.o(!!handler_zi)
    .ARM.Collect$$libinit$$00000000          0x00000470   Section        2  libinit.o(.ARM.Collect$$libinit$$00000000)
    .ARM.Collect$$libinit$$00000002          0x00000472   Section        0  libinit2.o(.ARM.Collect$$libinit$$00000002)
    .ARM.Collect$$libinit$$00000004          0x00000472   Section        0  libinit2.o(.ARM.Collect$$libinit$$00000004)
    .ARM.Collect$$libinit$$0000000A          0x00000472   Section        0  libinit2.o(.ARM.Collect$$libinit$$0000000A)
    .ARM.Collect$$libinit$$0000000C          0x00000472   Section        0  libinit2.o(.ARM.Collect$$libinit$$0000000C)
    .ARM.Collect$$libinit$$0000000E          0x00000472   Section        0  libinit2.o(.ARM.Collect$$libinit$$0000000E)
    .ARM.Collect$$libinit$$00000011          0x00000472   Section        0  libinit2.o(.ARM.Collect$$libinit$$00000011)
    .ARM.Collect$$libinit$$00000013          0x00000472   Section        0  libinit2.o(.ARM.Collect$$libinit$$00000013)
    .ARM.Collect$$libinit$$00000015          0x00000472   Section        0  libinit2.o(.ARM.Collect$$libinit$$00000015)
    .ARM.Collect$$libinit$$00000017          0x00000472   Section        0  libinit2.o(.ARM.Collect$$libinit$$00000017)
    .ARM.Collect$$libinit$$00000019          0x00000472   Section        0  libinit2.o(.ARM.Collect$$libinit$$00000019)
    .ARM.Collect$$libinit$$0000001B          0x00000472   Section        0  libinit2.o(.ARM.Collect$$libinit$$0000001B)
    .ARM.Collect$$libinit$$0000001D          0x00000472   Section        0  libinit2.o(.ARM.Collect$$libinit$$0000001D)
    .ARM.Collect$$libinit$$0000001F          0x00000472   Section        0  libinit2.o(.ARM.Collect$$libinit$$0000001F)
    .ARM.Collect$$libinit$$00000021          0x00000472   Section        0  libinit2.o(.ARM.Collect$$libinit$$00000021)
    .ARM.Collect$$libinit$$00000023          0x00000472   Section        0  libinit2.o(.ARM.Collect$$libinit$$00000023)
    .ARM.Collect$$libinit$$00000025          0x00000472   Section        0  libinit2.o(.ARM.Collect$$libinit$$00000025)
    .ARM.Collect$$libinit$$0000002C          0x00000472   Section        0  libinit2.o(.ARM.Collect$$libinit$$0000002C)
    .ARM.Collect$$libinit$$0000002E          0x00000472   Section        0  libinit2.o(.ARM.Collect$$libinit$$0000002E)
    .ARM.Collect$$libinit$$00000030          0x00000472   Section        0  libinit2.o(.ARM.Collect$$libinit$$00000030)
    .ARM.Collect$$libinit$$00000032          0x00000472   Section        0  libinit2.o(.ARM.Collect$$libinit$$00000032)
    .ARM.Collect$$libinit$$00000033          0x00000472   Section        2  libinit2.o(.ARM.Collect$$libinit$$00000033)
    .ARM.Collect$$libshutdown$$00000000      0x00000474   Section        2  libshutdown.o(.ARM.Collect$$libshutdown$$00000000)
    .ARM.Collect$$libshutdown$$00000002      0x00000476   Section        0  libshutdown2.o(.ARM.Collect$$libshutdown$$00000002)
    .ARM.Collect$$libshutdown$$00000004      0x00000476   Section        0  libshutdown2.o(.ARM.Collect$$libshutdown$$00000004)
    .ARM.Collect$$libshutdown$$00000007      0x00000476   Section        0  libshutdown2.o(.ARM.Collect$$libshutdown$$00000007)
    .ARM.Collect$$libshutdown$$0000000A      0x00000476   Section        0  libshutdown2.o(.ARM.Collect$$libshutdown$$0000000A)
    .ARM.Collect$$libshutdown$$0000000C      0x00000476   Section        0  libshutdown2.o(.ARM.Collect$$libshutdown$$0000000C)
    .ARM.Collect$$libshutdown$$0000000F      0x00000476   Section        0  libshutdown2.o(.ARM.Collect$$libshutdown$$0000000F)
    .ARM.Collect$$libshutdown$$00000010      0x00000476   Section        2  libshutdown2.o(.ARM.Collect$$libshutdown$$00000010)
    .ARM.Collect$$rtentry$$00000000          0x00000478   Section        0  __rtentry.o(.ARM.Collect$$rtentry$$00000000)
    .ARM.Collect$$rtentry$$00000002          0x00000478   Section        0  __rtentry2.o(.ARM.Collect$$rtentry$$00000002)
    .ARM.Collect$$rtentry$$00000007          0x00000478   Section        4  __rtentry7.o(.ARM.Collect$$rtentry$$00000007)
    .ARM.Collect$$rtentry$$00000009          0x0000047c   Section        0  __rtentry2.o(.ARM.Collect$$rtentry$$00000009)
    .ARM.Collect$$rtentry$$0000000A          0x0000047c   Section        4  __rtentry2.o(.ARM.Collect$$rtentry$$0000000A)
    .ARM.Collect$$rtentry$$0000000C          0x00000480   Section        0  __rtentry2.o(.ARM.Collect$$rtentry$$0000000C)
    .ARM.Collect$$rtentry$$0000000D          0x00000480   Section        8  __rtentry2.o(.ARM.Collect$$rtentry$$0000000D)
    .ARM.Collect$$rtentry$$00002718          0x00000488   Section        4  __rtentry7.o(.ARM.Collect$$rtentry$$00002718)
    __lit__00000000                          0x00000488   Data           4  __rtentry7.o(.ARM.Collect$$rtentry$$00002718)
    .ARM.Collect$$rtexit$$00000000           0x0000048c   Section        2  rtexit.o(.ARM.Collect$$rtexit$$00000000)
    .ARM.Collect$$rtexit$$00000002           0x0000048e   Section        0  rtexit2.o(.ARM.Collect$$rtexit$$00000002)
    .ARM.Collect$$rtexit$$00000003           0x0000048e   Section        4  rtexit2.o(.ARM.Collect$$rtexit$$00000003)
    .ARM.Collect$$rtexit$$00000004           0x00000492   Section        6  rtexit2.o(.ARM.Collect$$rtexit$$00000004)
    .text                                    0x00000498   Section      156  startup_mkl46z4.o(.text)
    .text                                    0x00000534   Section      346  aeabi_sdiv.o(.text)
    .text                                    0x0000068e   Section        0  _rserrno.o(.text)
    .text                                    0x000006a4   Section        0  dsqrt.o(.text)
    .text                                    0x000007a4   Section        8  rt_errno_addr_intlibspace.o(.text)
    .text                                    0x000007ac   Section        0  exit.o(.text)
    .text                                    0x000007bc   Section        0  sys_exit.o(.text)
    .text                                    0x000007c8   Section        2  use_no_semi.o(.text)
    .text                                    0x000007ca   Section        0  indicate_semi.o(.text)
    i.I2CWait                                0x000007cc   Section        0  i2c.o(i.I2CWait)
    i.I2C_Get_Ack                            0x000007ec   Section        0  i2c.o(i.I2C_Get_Ack)
    i.InitI2C                                0x00000804   Section        0  i2c.o(i.InitI2C)
    i.SegLCD_DisplayDecimal                  0x00000840   Section        0  seg_lcd.o(i.SegLCD_DisplayDecimal)
    i.SegLCD_DisplayError                    0x000008c8   Section        0  seg_lcd.o(i.SegLCD_DisplayError)
    i.SegLCD_Init                            0x0000090c   Section        0  seg_lcd.o(i.SegLCD_Init)
    i.SegLCD_Set                             0x00000a04   Section        0  seg_lcd.o(i.SegLCD_Set)
    i.SystemClockConfiguration               0x00000bfc   Section        0  seg_lcd.o(i.SystemClockConfiguration)
    i.SystemInit                             0x00000c5c   Section        0  system_mkl46z4.o(i.SystemInit)
    i.SystemInitHook                         0x00000c70   Section        0  system_mkl46z4.o(i.SystemInitHook)
    i.WriteToI2C                             0x00000c74   Section        0  i2c.o(i.WriteToI2C)
    i.mag_init                               0x00000c80   Section        0  mag.o(i.mag_init)
    i.mag_read                               0x00000ca0   Section        0  mag.o(i.mag_read)
    i.mag_set                                0x00000d3c   Section        0  mag.o(i.mag_set)
    i.main                                   0x00000da8   Section        0  main.o(i.main)
    i.pause                                  0x00000e50   Section        0  mag.o(i.pause)
    pause                                    0x00000e51   Thumb Code    14  mag.o(i.pause)
    i.sqrt                                   0x00000e60   Section        0  sqrt.o(i.sqrt)
    .constdata                               0x00000ea8   Section       12  seg_lcd.o(.constdata)
    x$fpl$usenofp                            0x00000ea8   Section        0  usenofp.o(x$fpl$usenofp)
    LCD_Frontplane_Pin                       0x00000ea8   Data           8  seg_lcd.o(.constdata)
    LCD_Backplane_Pin                        0x00000eb0   Data           4  seg_lcd.o(.constdata)
    .bss                                     0x1fffe000   Section       96  libspace.o(.bss)

    Global Symbols

    Symbol Name                              Value     Ov Type        Size  Object(Section)

    BuildAttributes$$THM_ISAv3M$S$PE$A:L22$X:L11$S22$IEEE1$IW$USESV6$~STKCKD$USESV7$~SHL$OTIME$ROPI$IEEEJ$EBA8$UX$STANDARDLIB$REQ8$PRES8$EABIv2 0x00000000   Number         0  anon$$obj.o ABSOLUTE
    __ARM_use_no_argv                        0x00000000   Number         0  main.o ABSOLUTE
    __Vectors                                0x00000000   Data           4  startup_mkl46z4.o(RESET)
    Image$$ZI$$Limit                          - Undefined Weak Reference
    __ARM_exceptions_init                     - Undefined Weak Reference
    __alloca_initialize                       - Undefined Weak Reference
    __arm_preinit_                            - Undefined Weak Reference
    __cpp_initialize__aeabi_                  - Undefined Weak Reference
    __cxa_finalize                            - Undefined Weak Reference
    __rt_locale                               - Undefined Weak Reference
    __sigvec_lookup                           - Undefined Weak Reference
    _atexit_init                              - Undefined Weak Reference
    _call_atexit_fns                          - Undefined Weak Reference
    _clock_init                               - Undefined Weak Reference
    _fp_trap_init                             - Undefined Weak Reference
    _fp_trap_shutdown                         - Undefined Weak Reference
    _get_lc_collate                           - Undefined Weak Reference
    _get_lc_ctype                             - Undefined Weak Reference
    _get_lc_monetary                          - Undefined Weak Reference
    _get_lc_numeric                           - Undefined Weak Reference
    _get_lc_time                              - Undefined Weak Reference
    _getenv_init                              - Undefined Weak Reference
    _handle_redirection                       - Undefined Weak Reference
    _init_alloc                               - Undefined Weak Reference
    _init_user_alloc                          - Undefined Weak Reference
    _initio                                   - Undefined Weak Reference
    _rand_init                                - Undefined Weak Reference
    _signal_finish                            - Undefined Weak Reference
    _signal_init                              - Undefined Weak Reference
    _terminate_alloc                          - Undefined Weak Reference
    _terminate_user_alloc                     - Undefined Weak Reference
    _terminateio                              - Undefined Weak Reference
    __Vectors_End                            0x000000c0   Data           0  startup_mkl46z4.o(RESET)
    __Vectors_Size                           0x000000c0   Number         0  startup_mkl46z4.o ABSOLUTE
    __main                                   0x00000411   Thumb Code     8  __main.o(!!!main)
    __scatterload                            0x00000419   Thumb Code     0  __scatter.o(!!!scatter)
    __scatterload_rt2                        0x00000419   Thumb Code    52  __scatter.o(!!!scatter)
    __scatterload_rt2_thumb_only             0x00000419   Thumb Code     0  __scatter.o(!!!scatter)
    __scatterload_null                       0x00000429   Thumb Code     0  __scatter.o(!!!scatter)
    __scatterload_zeroinit                   0x00000455   Thumb Code    28  __scatter_zi.o(!!handler_zi)
    __rt_lib_init                            0x00000471   Thumb Code     0  libinit.o(.ARM.Collect$$libinit$$00000000)
    __rt_lib_init_alloca_1                   0x00000473   Thumb Code     0  libinit2.o(.ARM.Collect$$libinit$$0000002E)
    __rt_lib_init_argv_1                     0x00000473   Thumb Code     0  libinit2.o(.ARM.Collect$$libinit$$0000002C)
    __rt_lib_init_atexit_1                   0x00000473   Thumb Code     0  libinit2.o(.ARM.Collect$$libinit$$0000001B)
    __rt_lib_init_clock_1                    0x00000473   Thumb Code     0  libinit2.o(.ARM.Collect$$libinit$$00000021)
    __rt_lib_init_cpp_1                      0x00000473   Thumb Code     0  libinit2.o(.ARM.Collect$$libinit$$00000032)
    __rt_lib_init_exceptions_1               0x00000473   Thumb Code     0  libinit2.o(.ARM.Collect$$libinit$$00000030)
    __rt_lib_init_fp_1                       0x00000473   Thumb Code     0  libinit2.o(.ARM.Collect$$libinit$$00000002)
    __rt_lib_init_fp_trap_1                  0x00000473   Thumb Code     0  libinit2.o(.ARM.Collect$$libinit$$0000001F)
    __rt_lib_init_getenv_1                   0x00000473   Thumb Code     0  libinit2.o(.ARM.Collect$$libinit$$00000023)
    __rt_lib_init_heap_1                     0x00000473   Thumb Code     0  libinit2.o(.ARM.Collect$$libinit$$0000000A)
    __rt_lib_init_lc_collate_1               0x00000473   Thumb Code     0  libinit2.o(.ARM.Collect$$libinit$$00000011)
    __rt_lib_init_lc_ctype_1                 0x00000473   Thumb Code     0  libinit2.o(.ARM.Collect$$libinit$$00000013)
    __rt_lib_init_lc_monetary_1              0x00000473   Thumb Code     0  libinit2.o(.ARM.Collect$$libinit$$00000015)
    __rt_lib_init_lc_numeric_1               0x00000473   Thumb Code     0  libinit2.o(.ARM.Collect$$libinit$$00000017)
    __rt_lib_init_lc_time_1                  0x00000473   Thumb Code     0  libinit2.o(.ARM.Collect$$libinit$$00000019)
    __rt_lib_init_preinit_1                  0x00000473   Thumb Code     0  libinit2.o(.ARM.Collect$$libinit$$00000004)
    __rt_lib_init_rand_1                     0x00000473   Thumb Code     0  libinit2.o(.ARM.Collect$$libinit$$0000000E)
    __rt_lib_init_return                     0x00000473   Thumb Code     0  libinit2.o(.ARM.Collect$$libinit$$00000033)
    __rt_lib_init_signal_1                   0x00000473   Thumb Code     0  libinit2.o(.ARM.Collect$$libinit$$0000001D)
    __rt_lib_init_stdio_1                    0x00000473   Thumb Code     0  libinit2.o(.ARM.Collect$$libinit$$00000025)
    __rt_lib_init_user_alloc_1               0x00000473   Thumb Code     0  libinit2.o(.ARM.Collect$$libinit$$0000000C)
    __rt_lib_shutdown                        0x00000475   Thumb Code     0  libshutdown.o(.ARM.Collect$$libshutdown$$00000000)
    __rt_lib_shutdown_cpp_1                  0x00000477   Thumb Code     0  libshutdown2.o(.ARM.Collect$$libshutdown$$00000002)
    __rt_lib_shutdown_fp_trap_1              0x00000477   Thumb Code     0  libshutdown2.o(.ARM.Collect$$libshutdown$$00000007)
    __rt_lib_shutdown_heap_1                 0x00000477   Thumb Code     0  libshutdown2.o(.ARM.Collect$$libshutdown$$0000000F)
    __rt_lib_shutdown_return                 0x00000477   Thumb Code     0  libshutdown2.o(.ARM.Collect$$libshutdown$$00000010)
    __rt_lib_shutdown_signal_1               0x00000477   Thumb Code     0  libshutdown2.o(.ARM.Collect$$libshutdown$$0000000A)
    __rt_lib_shutdown_stdio_1                0x00000477   Thumb Code     0  libshutdown2.o(.ARM.Collect$$libshutdown$$00000004)
    __rt_lib_shutdown_user_alloc_1           0x00000477   Thumb Code     0  libshutdown2.o(.ARM.Collect$$libshutdown$$0000000C)
    __rt_entry                               0x00000479   Thumb Code     0  __rtentry.o(.ARM.Collect$$rtentry$$00000000)
    __rt_entry_presh_1                       0x00000479   Thumb Code     0  __rtentry2.o(.ARM.Collect$$rtentry$$00000002)
    __rt_entry_sh                            0x00000479   Thumb Code     0  __rtentry7.o(.ARM.Collect$$rtentry$$00000007)
    __rt_entry_li                            0x0000047d   Thumb Code     0  __rtentry2.o(.ARM.Collect$$rtentry$$0000000A)
    __rt_entry_postsh_1                      0x0000047d   Thumb Code     0  __rtentry2.o(.ARM.Collect$$rtentry$$00000009)
    __rt_entry_main                          0x00000481   Thumb Code     0  __rtentry2.o(.ARM.Collect$$rtentry$$0000000D)
    __rt_entry_postli_1                      0x00000481   Thumb Code     0  __rtentry2.o(.ARM.Collect$$rtentry$$0000000C)
    __rt_exit                                0x0000048d   Thumb Code     0  rtexit.o(.ARM.Collect$$rtexit$$00000000)
    __rt_exit_ls                             0x0000048f   Thumb Code     0  rtexit2.o(.ARM.Collect$$rtexit$$00000003)
    __rt_exit_prels_1                        0x0000048f   Thumb Code     0  rtexit2.o(.ARM.Collect$$rtexit$$00000002)
    __rt_exit_exit                           0x00000493   Thumb Code     0  rtexit2.o(.ARM.Collect$$rtexit$$00000004)
    Reset_Handler                            0x00000499   Thumb Code    24  startup_mkl46z4.o(.text)
    NMI_Handler                              0x000004b1   Thumb Code     2  startup_mkl46z4.o(.text)
    HardFault_Handler                        0x000004b3   Thumb Code     2  startup_mkl46z4.o(.text)
    SVC_Handler                              0x000004b5   Thumb Code     2  startup_mkl46z4.o(.text)
    PendSV_Handler                           0x000004b7   Thumb Code     2  startup_mkl46z4.o(.text)
    SysTick_Handler                          0x000004b9   Thumb Code     2  startup_mkl46z4.o(.text)
    DMA0_IRQHandler                          0x000004bb   Thumb Code     4  startup_mkl46z4.o(.text)
    DMA1_IRQHandler                          0x000004bf   Thumb Code     4  startup_mkl46z4.o(.text)
    DMA2_IRQHandler                          0x000004c3   Thumb Code     4  startup_mkl46z4.o(.text)
    DMA3_IRQHandler                          0x000004c7   Thumb Code     4  startup_mkl46z4.o(.text)
    I2C0_IRQHandler                          0x000004cb   Thumb Code     4  startup_mkl46z4.o(.text)
    I2C1_IRQHandler                          0x000004cf   Thumb Code     4  startup_mkl46z4.o(.text)
    SPI0_IRQHandler                          0x000004d3   Thumb Code     4  startup_mkl46z4.o(.text)
    SPI1_IRQHandler                          0x000004d7   Thumb Code     4  startup_mkl46z4.o(.text)
    UART0_IRQHandler                         0x000004db   Thumb Code     4  startup_mkl46z4.o(.text)
    UART1_IRQHandler                         0x000004df   Thumb Code     4  startup_mkl46z4.o(.text)
    UART2_IRQHandler                         0x000004e3   Thumb Code     4  startup_mkl46z4.o(.text)
    I2S0_IRQHandler                          0x000004e7   Thumb Code     4  startup_mkl46z4.o(.text)
    ADC0_IRQHandler                          0x000004eb   Thumb Code     0  startup_mkl46z4.o(.text)
    CMP0_IRQHandler                          0x000004eb   Thumb Code     0  startup_mkl46z4.o(.text)
    DAC0_IRQHandler                          0x000004eb   Thumb Code     0  startup_mkl46z4.o(.text)
    DMA0_DriverIRQHandler                    0x000004eb   Thumb Code     0  startup_mkl46z4.o(.text)
    DMA1_DriverIRQHandler                    0x000004eb   Thumb Code     0  startup_mkl46z4.o(.text)
    DMA2_DriverIRQHandler                    0x000004eb   Thumb Code     0  startup_mkl46z4.o(.text)
    DMA3_DriverIRQHandler                    0x000004eb   Thumb Code     0  startup_mkl46z4.o(.text)
    DefaultISR                               0x000004eb   Thumb Code     0  startup_mkl46z4.o(.text)
    FTFA_IRQHandler                          0x000004eb   Thumb Code     0  startup_mkl46z4.o(.text)
    I2C0_DriverIRQHandler                    0x000004eb   Thumb Code     0  startup_mkl46z4.o(.text)
    I2C1_DriverIRQHandler                    0x000004eb   Thumb Code     0  startup_mkl46z4.o(.text)
    I2S0_DriverIRQHandler                    0x000004eb   Thumb Code     0  startup_mkl46z4.o(.text)
    LCD_IRQHandler                           0x000004eb   Thumb Code     0  startup_mkl46z4.o(.text)
    LLWU_IRQHandler                          0x000004eb   Thumb Code     0  startup_mkl46z4.o(.text)
    LPTMR0_IRQHandler                        0x000004eb   Thumb Code     0  startup_mkl46z4.o(.text)
    LVD_LVW_IRQHandler                       0x000004eb   Thumb Code     0  startup_mkl46z4.o(.text)
    MCG_IRQHandler                           0x000004eb   Thumb Code     0  startup_mkl46z4.o(.text)
    PIT_IRQHandler                           0x000004eb   Thumb Code     0  startup_mkl46z4.o(.text)
    PORTA_IRQHandler                         0x000004eb   Thumb Code     0  startup_mkl46z4.o(.text)
    PORTC_PORTD_IRQHandler                   0x000004eb   Thumb Code     0  startup_mkl46z4.o(.text)
    RTC_IRQHandler                           0x000004eb   Thumb Code     0  startup_mkl46z4.o(.text)
    RTC_Seconds_IRQHandler                   0x000004eb   Thumb Code     0  startup_mkl46z4.o(.text)
    Reserved20_IRQHandler                    0x000004eb   Thumb Code     0  startup_mkl46z4.o(.text)
    SPI0_DriverIRQHandler                    0x000004eb   Thumb Code     0  startup_mkl46z4.o(.text)
    SPI1_DriverIRQHandler                    0x000004eb   Thumb Code     0  startup_mkl46z4.o(.text)
    TPM0_IRQHandler                          0x000004eb   Thumb Code     0  startup_mkl46z4.o(.text)
    TPM1_IRQHandler                          0x000004eb   Thumb Code     0  startup_mkl46z4.o(.text)
    TPM2_IRQHandler                          0x000004eb   Thumb Code     0  startup_mkl46z4.o(.text)
    TSI0_IRQHandler                          0x000004eb   Thumb Code     0  startup_mkl46z4.o(.text)
    UART0_DriverIRQHandler                   0x000004eb   Thumb Code     0  startup_mkl46z4.o(.text)
    UART1_DriverIRQHandler                   0x000004eb   Thumb Code     0  startup_mkl46z4.o(.text)
    UART2_DriverIRQHandler                   0x000004eb   Thumb Code     0  startup_mkl46z4.o(.text)
    USB0_IRQHandler                          0x000004eb   Thumb Code     0  startup_mkl46z4.o(.text)
    __aeabi_uidiv                            0x00000535   Thumb Code     0  aeabi_sdiv.o(.text)
    __aeabi_uidivmod                         0x00000535   Thumb Code    20  aeabi_sdiv.o(.text)
    __aeabi_idiv                             0x00000549   Thumb Code     0  aeabi_sdiv.o(.text)
    __aeabi_idivmod                          0x00000549   Thumb Code   326  aeabi_sdiv.o(.text)
    __read_errno                             0x0000068f   Thumb Code    10  _rserrno.o(.text)
    __set_errno                              0x00000699   Thumb Code    12  _rserrno.o(.text)
    _dsqrt                                   0x000006a5   Thumb Code   248  dsqrt.o(.text)
    __aeabi_errno_addr                       0x000007a5   Thumb Code     8  rt_errno_addr_intlibspace.o(.text)
    __errno$intlibspace                      0x000007a5   Thumb Code     0  rt_errno_addr_intlibspace.o(.text)
    __rt_errno_addr$intlibspace              0x000007a5   Thumb Code     0  rt_errno_addr_intlibspace.o(.text)
    exit                                     0x000007ad   Thumb Code    16  exit.o(.text)
    _sys_exit                                0x000007bd   Thumb Code     8  sys_exit.o(.text)
    __I$use$semihosting                      0x000007c9   Thumb Code     0  use_no_semi.o(.text)
    __use_no_semihosting_swi                 0x000007c9   Thumb Code     2  use_no_semi.o(.text)
    __semihosting_library_function           0x000007cb   Thumb Code     0  indicate_semi.o(.text)
    I2CWait                                  0x000007cd   Thumb Code    26  i2c.o(i.I2CWait)
    I2C_Get_Ack                              0x000007ed   Thumb Code    20  i2c.o(i.I2C_Get_Ack)
    InitI2C                                  0x00000805   Thumb Code    48  i2c.o(i.InitI2C)
    SegLCD_DisplayDecimal                    0x00000841   Thumb Code   132  seg_lcd.o(i.SegLCD_DisplayDecimal)
    SegLCD_DisplayError                      0x000008c9   Thumb Code    62  seg_lcd.o(i.SegLCD_DisplayError)
    SegLCD_Init                              0x0000090d   Thumb Code   200  seg_lcd.o(i.SegLCD_Init)
    SegLCD_Set                               0x00000a05   Thumb Code   496  seg_lcd.o(i.SegLCD_Set)
    SystemClockConfiguration                 0x00000bfd   Thumb Code    82  seg_lcd.o(i.SystemClockConfiguration)
    SystemInit                               0x00000c5d   Thumb Code    14  system_mkl46z4.o(i.SystemInit)
    SystemInitHook                           0x00000c71   Thumb Code     2  system_mkl46z4.o(i.SystemInitHook)
    WriteToI2C                               0x00000c75   Thumb Code     6  i2c.o(i.WriteToI2C)
    mag_init                                 0x00000c81   Thumb Code    32  mag.o(i.mag_init)
    mag_read                                 0x00000ca1   Thumb Code   150  mag.o(i.mag_read)
    mag_set                                  0x00000d3d   Thumb Code   102  mag.o(i.mag_set)
    main                                     0x00000da9   Thumb Code   154  main.o(i.main)
    sqrt                                     0x00000e61   Thumb Code    66  sqrt.o(i.sqrt)
    __I$use$fp                               0x00000ea8   Number         0  usenofp.o(x$fpl$usenofp)
    Region$$Table$$Base                      0x00000eb4   Number         0  anon$$obj.o(Region$$Table)
    Region$$Table$$Limit                     0x00000ec4   Number         0  anon$$obj.o(Region$$Table)
    __libspace_start                         0x1fffe000   Data          96  libspace.o(.bss)
    Image$$ARM_LIB_HEAP$$ZI$$Base            0x1fffe060   Number         0  anon$$obj.o ABSOLUTE
    __temporary_stack_top$libspace           0x1fffe060   Data           0  libspace.o(.bss)
    Image$$ARM_LIB_HEAP$$ZI$$Limit           0x1fffe460   Number         0  anon$$obj.o ABSOLUTE
    Image$$ARM_LIB_STACK$$ZI$$Limit          0x20006000   Number         0  anon$$obj.o ABSOLUTE



==============================================================================

Memory Map of the image

  Image Entry point : 0x00000499

  Load Region LR_m_text (Base: 0x00000000, Size: 0x00000ec4, Max: 0x00040000, ABSOLUTE)

    Execution Region VECTOR_ROM (Exec base: 0x00000000, Load base: 0x00000000, Size: 0x000000c0, Max: 0x00000200, ABSOLUTE)

    Exec Addr    Load Addr    Size         Type   Attr      Idx    E Section Name        Object

    0x00000000   0x00000000   0x000000c0   Data   RO          205    RESET               startup_mkl46z4.o


    Execution Region ER_m_flash_config (Exec base: 0x00000400, Load base: 0x00000400, Size: 0x00000010, Max: 0x00000010, ABSOLUTE, FIXED)

    Exec Addr    Load Addr    Size         Type   Attr      Idx    E Section Name        Object

    0x00000400   0x00000400   0x00000010   Data   RO          206    FlashConfig         startup_mkl46z4.o


    Execution Region ER_m_text (Exec base: 0x00000410, Load base: 0x00000410, Size: 0x00000ab4, Max: 0x0003fbf0, ABSOLUTE)

    Exec Addr    Load Addr    Size         Type   Attr      Idx    E Section Name        Object

    0x00000410   0x00000410   0x00000008   Code   RO          269  * !!!main             c_p.l(__main.o)
    0x00000418   0x00000418   0x0000003c   Code   RO          477    !!!scatter          c_p.l(__scatter.o)
    0x00000454   0x00000454   0x0000001c   Code   RO          479    !!handler_zi        c_p.l(__scatter_zi.o)
    0x00000470   0x00000470   0x00000002   Code   RO          337    .ARM.Collect$$libinit$$00000000  c_p.l(libinit.o)
    0x00000472   0x00000472   0x00000000   Code   RO          354    .ARM.Collect$$libinit$$00000002  c_p.l(libinit2.o)
    0x00000472   0x00000472   0x00000000   Code   RO          356    .ARM.Collect$$libinit$$00000004  c_p.l(libinit2.o)
    0x00000472   0x00000472   0x00000000   Code   RO          359    .ARM.Collect$$libinit$$0000000A  c_p.l(libinit2.o)
    0x00000472   0x00000472   0x00000000   Code   RO          361    .ARM.Collect$$libinit$$0000000C  c_p.l(libinit2.o)
    0x00000472   0x00000472   0x00000000   Code   RO          363    .ARM.Collect$$libinit$$0000000E  c_p.l(libinit2.o)
    0x00000472   0x00000472   0x00000000   Code   RO          366    .ARM.Collect$$libinit$$00000011  c_p.l(libinit2.o)
    0x00000472   0x00000472   0x00000000   Code   RO          368    .ARM.Collect$$libinit$$00000013  c_p.l(libinit2.o)
    0x00000472   0x00000472   0x00000000   Code   RO          370    .ARM.Collect$$libinit$$00000015  c_p.l(libinit2.o)
    0x00000472   0x00000472   0x00000000   Code   RO          372    .ARM.Collect$$libinit$$00000017  c_p.l(libinit2.o)
    0x00000472   0x00000472   0x00000000   Code   RO          374    .ARM.Collect$$libinit$$00000019  c_p.l(libinit2.o)
    0x00000472   0x00000472   0x00000000   Code   RO          376    .ARM.Collect$$libinit$$0000001B  c_p.l(libinit2.o)
    0x00000472   0x00000472   0x00000000   Code   RO          378    .ARM.Collect$$libinit$$0000001D  c_p.l(libinit2.o)
    0x00000472   0x00000472   0x00000000   Code   RO          380    .ARM.Collect$$libinit$$0000001F  c_p.l(libinit2.o)
    0x00000472   0x00000472   0x00000000   Code   RO          382    .ARM.Collect$$libinit$$00000021  c_p.l(libinit2.o)
    0x00000472   0x00000472   0x00000000   Code   RO          384    .ARM.Collect$$libinit$$00000023  c_p.l(libinit2.o)
    0x00000472   0x00000472   0x00000000   Code   RO          386    .ARM.Collect$$libinit$$00000025  c_p.l(libinit2.o)
    0x00000472   0x00000472   0x00000000   Code   RO          390    .ARM.Collect$$libinit$$0000002C  c_p.l(libinit2.o)
    0x00000472   0x00000472   0x00000000   Code   RO          392    .ARM.Collect$$libinit$$0000002E  c_p.l(libinit2.o)
    0x00000472   0x00000472   0x00000000   Code   RO          394    .ARM.Collect$$libinit$$00000030  c_p.l(libinit2.o)
    0x00000472   0x00000472   0x00000000   Code   RO          396    .ARM.Collect$$libinit$$00000032  c_p.l(libinit2.o)
    0x00000472   0x00000472   0x00000002   Code   RO          397    .ARM.Collect$$libinit$$00000033  c_p.l(libinit2.o)
    0x00000474   0x00000474   0x00000002   Code   RO          434    .ARM.Collect$$libshutdown$$00000000  c_p.l(libshutdown.o)
    0x00000476   0x00000476   0x00000000   Code   RO          460    .ARM.Collect$$libshutdown$$00000002  c_p.l(libshutdown2.o)
    0x00000476   0x00000476   0x00000000   Code   RO          462    .ARM.Collect$$libshutdown$$00000004  c_p.l(libshutdown2.o)
    0x00000476   0x00000476   0x00000000   Code   RO          465    .ARM.Collect$$libshutdown$$00000007  c_p.l(libshutdown2.o)
    0x00000476   0x00000476   0x00000000   Code   RO          468    .ARM.Collect$$libshutdown$$0000000A  c_p.l(libshutdown2.o)
    0x00000476   0x00000476   0x00000000   Code   RO          470    .ARM.Collect$$libshutdown$$0000000C  c_p.l(libshutdown2.o)
    0x00000476   0x00000476   0x00000000   Code   RO          473    .ARM.Collect$$libshutdown$$0000000F  c_p.l(libshutdown2.o)
    0x00000476   0x00000476   0x00000002   Code   RO          474    .ARM.Collect$$libshutdown$$00000010  c_p.l(libshutdown2.o)
    0x00000478   0x00000478   0x00000000   Code   RO          279    .ARM.Collect$$rtentry$$00000000  c_p.l(__rtentry.o)
    0x00000478   0x00000478   0x00000000   Code   RO          292    .ARM.Collect$$rtentry$$00000002  c_p.l(__rtentry2.o)
    0x00000478   0x00000478   0x00000004   Code   RO          306    .ARM.Collect$$rtentry$$00000007  c_p.l(__rtentry7.o)
    0x0000047c   0x0000047c   0x00000000   Code   RO          294    .ARM.Collect$$rtentry$$00000009  c_p.l(__rtentry2.o)
    0x0000047c   0x0000047c   0x00000004   Code   RO          295    .ARM.Collect$$rtentry$$0000000A  c_p.l(__rtentry2.o)
    0x00000480   0x00000480   0x00000000   Code   RO          297    .ARM.Collect$$rtentry$$0000000C  c_p.l(__rtentry2.o)
    0x00000480   0x00000480   0x00000008   Code   RO          298    .ARM.Collect$$rtentry$$0000000D  c_p.l(__rtentry2.o)
    0x00000488   0x00000488   0x00000004   Code   RO          307    .ARM.Collect$$rtentry$$00002718  c_p.l(__rtentry7.o)
    0x0000048c   0x0000048c   0x00000002   Code   RO          345    .ARM.Collect$$rtexit$$00000000  c_p.l(rtexit.o)
    0x0000048e   0x0000048e   0x00000000   Code   RO          410    .ARM.Collect$$rtexit$$00000002  c_p.l(rtexit2.o)
    0x0000048e   0x0000048e   0x00000004   Code   RO          411    .ARM.Collect$$rtexit$$00000003  c_p.l(rtexit2.o)
    0x00000492   0x00000492   0x00000006   Code   RO          412    .ARM.Collect$$rtexit$$00000004  c_p.l(rtexit2.o)
    0x00000498   0x00000498   0x0000009c   Code   RO          207  * .text               startup_mkl46z4.o
    0x00000534   0x00000534   0x0000015a   Code   RO          265    .text               c_p.l(aeabi_sdiv.o)
    0x0000068e   0x0000068e   0x00000016   Code   RO          284    .text               c_p.l(_rserrno.o)
    0x000006a4   0x000006a4   0x00000100   Code   RO          288    .text               fz_ps.l(dsqrt.o)
    0x000007a4   0x000007a4   0x00000008   Code   RO          316    .text               c_p.l(rt_errno_addr_intlibspace.o)
    0x000007ac   0x000007ac   0x00000010   Code   RO          326    .text               c_p.l(exit.o)
    0x000007bc   0x000007bc   0x0000000c   Code   RO          404    .text               c_p.l(sys_exit.o)
    0x000007c8   0x000007c8   0x00000002   Code   RO          406    .text               c_p.l(use_no_semi.o)
    0x000007ca   0x000007ca   0x00000000   Code   RO          408    .text               c_p.l(indicate_semi.o)
    0x000007ca   0x000007ca   0x00000002   PAD
    0x000007cc   0x000007cc   0x00000020   Code   RO          126    i.I2CWait           i2c.o
    0x000007ec   0x000007ec   0x00000018   Code   RO          127    i.I2C_Get_Ack       i2c.o
    0x00000804   0x00000804   0x0000003c   Code   RO          128    i.InitI2C           i2c.o
    0x00000840   0x00000840   0x00000088   Code   RO           65    i.SegLCD_DisplayDecimal  seg_lcd.o
    0x000008c8   0x000008c8   0x00000044   Code   RO           66    i.SegLCD_DisplayError  seg_lcd.o
    0x0000090c   0x0000090c   0x000000f8   Code   RO           69    i.SegLCD_Init       seg_lcd.o
    0x00000a04   0x00000a04   0x000001f8   Code   RO           70    i.SegLCD_Set        seg_lcd.o
    0x00000bfc   0x00000bfc   0x00000060   Code   RO           71    i.SystemClockConfiguration  seg_lcd.o
    0x00000c5c   0x00000c5c   0x00000014   Code   RO          214    i.SystemInit        system_mkl46z4.o
    0x00000c70   0x00000c70   0x00000002   Code   RO          215    i.SystemInitHook    system_mkl46z4.o
    0x00000c72   0x00000c72   0x00000002   PAD
    0x00000c74   0x00000c74   0x0000000c   Code   RO          129    i.WriteToI2C        i2c.o
    0x00000c80   0x00000c80   0x00000020   Code   RO          165    i.mag_init          mag.o
    0x00000ca0   0x00000ca0   0x0000009c   Code   RO          166    i.mag_read          mag.o
    0x00000d3c   0x00000d3c   0x0000006c   Code   RO          167    i.mag_set           mag.o
    0x00000da8   0x00000da8   0x000000a8   Code   RO            5    i.main              main.o
    0x00000e50   0x00000e50   0x0000000e   Code   RO          168    i.pause             mag.o
    0x00000e5e   0x00000e5e   0x00000002   PAD
    0x00000e60   0x00000e60   0x00000048   Code   RO          272    i.sqrt              m_ps.l(sqrt.o)
    0x00000ea8   0x00000ea8   0x00000000   Code   RO          290    x$fpl$usenofp       fz_ps.l(usenofp.o)
    0x00000ea8   0x00000ea8   0x0000000c   Data   RO           72    .constdata          seg_lcd.o
    0x00000eb4   0x00000eb4   0x00000010   Data   RO          475    Region$$Table       anon$$obj.o


    Execution Region RW_m_data (Exec base: 0x1fffe000, Load base: 0x00000ec4, Size: 0x00000060, Max: 0x00007800, ABSOLUTE)

    Exec Addr    Load Addr    Size         Type   Attr      Idx    E Section Name        Object

    0x1fffe000        -       0x00000060   Zero   RW          321    .bss                c_p.l(libspace.o)


    Execution Region ARM_LIB_HEAP (Exec base: 0x1fffe060, Load base: 0x00000ec4, Size: 0x00000400, Max: 0x00000400, ABSOLUTE)

    Exec Addr    Load Addr    Size         Type   Attr      Idx    E Section Name        Object

    0x1fffe060        -       0x00000400   Zero   RW            1    ARM_LIB_HEAP.bss    anon$$obj.o


    Execution Region ARM_LIB_STACK (Exec base: 0x20005c00, Load base: 0x00000ec4, Size: 0x00000400, Max: 0x00000400, ABSOLUTE)

    Exec Addr    Load Addr    Size         Type   Attr      Idx    E Section Name        Object

    0x20005c00        -       0x00000400   Zero   RW            2    ARM_LIB_STACK.bss   anon$$obj.o


==============================================================================

Image component sizes


      Code (inc. data)   RO Data    RW Data    ZI Data      Debug   Object Name

       128         28          0          0          0       1511   i2c.o
       310         12          0          0          0       1804   mag.o
       168         14          0          0          0       5251   main.o
      1052         80         12          0          0       3412   seg_lcd.o
       156         70        208          0          0       1164   startup_mkl46z4.o
        22          6          0          0          0        882   system_mkl46z4.o

    ----------------------------------------------------------------------
      1840        210        236          0       2048      14024   Object Totals
         0          0         16          0       2048          0   (incl. Generated)
         4          0          0          0          0          0   (incl. Padding)

    ----------------------------------------------------------------------

      Code (inc. data)   RO Data    RW Data    ZI Data      Debug   Library Member Name

         8          0          0          0          0         68   __main.o
         0          0          0          0          0          0   __rtentry.o
        12          0          0          0          0          0   __rtentry2.o
         8          4          0          0          0          0   __rtentry7.o
        60          8          0          0          0          0   __scatter.o
        28          0          0          0          0          0   __scatter_zi.o
        22          0          0          0          0         92   _rserrno.o
       346          0          0          0          0         92   aeabi_sdiv.o
        16          0          0          0          0         68   exit.o
         0          0          0          0          0          0   indicate_semi.o
         2          0          0          0          0          0   libinit.o
         2          0          0          0          0          0   libinit2.o
         2          0          0          0          0          0   libshutdown.o
         2          0          0          0          0          0   libshutdown2.o
         0          0          0          0         96          0   libspace.o
         8          4          0          0          0         68   rt_errno_addr_intlibspace.o
         2          0          0          0          0          0   rtexit.o
        10          0          0          0          0          0   rtexit2.o
        12          4          0          0          0         60   sys_exit.o
         2          0          0          0          0         68   use_no_semi.o
       256          8          0          0          0         76   dsqrt.o
         0          0          0          0          0          0   usenofp.o
        72          6          0          0          0         76   sqrt.o

    ----------------------------------------------------------------------
       872         34          0          0         96        668   Library Totals
         2          0          0          0          0          0   (incl. Padding)

    ----------------------------------------------------------------------

      Code (inc. data)   RO Data    RW Data    ZI Data      Debug   Library Name

       542         20          0          0         96        516   c_p.l
       256          8          0          0          0         76   fz_ps.l
        72          6          0          0          0         76   m_ps.l

    ----------------------------------------------------------------------
       872         34          0          0         96        668   Library Totals

    ----------------------------------------------------------------------

==============================================================================


      Code (inc. data)   RO Data    RW Data    ZI Data      Debug   

      2712        244        236          0       2144      13828   Grand Totals
      2712        244        236          0       2144      13828   ELF Image Totals
      2712        244        236          0          0          0   ROM Totals

==============================================================================

    Total RO  Size (Code + RO Data)                 2948 (   2.88kB)
    Total RW  Size (RW Data + ZI Data)              2144 (   2.09kB)
    Total ROM Size (Code + RO Data + RW Data)       2948 (   2.88kB)

==============================================================================

