<!doctype html public "-//w3c//dtd html 4.0 transitional//en">
<html><head>
<title>Static Call Graph - [.\Objects\final.axf]</title></head>
<body><HR>
<H1>Static Call Graph for image .\Objects\final.axf</H1><HR>
<BR><P>#&#060CALLGRAPH&#062# ARM Linker, 5060750: Last Updated: Fri Mar 08 17:17:15 2024
<BR><P>
<H3>Maximum Stack Usage =        272 bytes + Unknown(Cycles, Untraceable Function Pointers)</H3><H3>
Call chain for Maximum Stack Depth:</H3>
__rt_entry_main &rArr; main &rArr; pow &rArr; __kernel_poly &rArr; __aeabi_dmul
<P>
<H3>
Mutually Recursive functions
</H3> <LI><a href="#[6]">NMI_Handler</a>&nbsp;&nbsp;&nbsp;&rArr;&nbsp;&nbsp;&nbsp;<a href="#[6]">NMI_Handler</a><BR>
 <LI><a href="#[7]">HardFault_Handler</a>&nbsp;&nbsp;&nbsp;&rArr;&nbsp;&nbsp;&nbsp;<a href="#[7]">HardFault_Handler</a><BR>
 <LI><a href="#[8]">SVC_Handler</a>&nbsp;&nbsp;&nbsp;&rArr;&nbsp;&nbsp;&nbsp;<a href="#[8]">SVC_Handler</a><BR>
 <LI><a href="#[9]">PendSV_Handler</a>&nbsp;&nbsp;&nbsp;&rArr;&nbsp;&nbsp;&nbsp;<a href="#[9]">PendSV_Handler</a><BR>
 <LI><a href="#[a]">SysTick_Handler</a>&nbsp;&nbsp;&nbsp;&rArr;&nbsp;&nbsp;&nbsp;<a href="#[a]">SysTick_Handler</a><BR>
 <LI><a href="#[5c]">SegLCD_DisplayError</a>&nbsp;&nbsp;&nbsp;&rArr;&nbsp;&nbsp;&nbsp;<a href="#[5e]">SegLCD_Set</a><BR>
</UL>
<P>
<H3>
Function Pointers
</H3><UL>
 <LI><a href="#[1a]">ADC0_IRQHandler</a> from startup_mkl46z4.o(.text) referenced from startup_mkl46z4.o(RESET)
 <LI><a href="#[1b]">CMP0_IRQHandler</a> from startup_mkl46z4.o(.text) referenced from startup_mkl46z4.o(RESET)
 <LI><a href="#[24]">DAC0_IRQHandler</a> from startup_mkl46z4.o(.text) referenced from startup_mkl46z4.o(RESET)
 <LI><a href="#[2d]">DMA0_DriverIRQHandler</a> from startup_mkl46z4.o(.text) referenced from startup_mkl46z4.o(.text)
 <LI><a href="#[b]">DMA0_IRQHandler</a> from startup_mkl46z4.o(.text) referenced from startup_mkl46z4.o(RESET)
 <LI><a href="#[2e]">DMA1_DriverIRQHandler</a> from startup_mkl46z4.o(.text) referenced from startup_mkl46z4.o(.text)
 <LI><a href="#[c]">DMA1_IRQHandler</a> from startup_mkl46z4.o(.text) referenced from startup_mkl46z4.o(RESET)
 <LI><a href="#[2f]">DMA2_DriverIRQHandler</a> from startup_mkl46z4.o(.text) referenced from startup_mkl46z4.o(.text)
 <LI><a href="#[d]">DMA2_IRQHandler</a> from startup_mkl46z4.o(.text) referenced from startup_mkl46z4.o(RESET)
 <LI><a href="#[30]">DMA3_DriverIRQHandler</a> from startup_mkl46z4.o(.text) referenced from startup_mkl46z4.o(.text)
 <LI><a href="#[e]">DMA3_IRQHandler</a> from startup_mkl46z4.o(.text) referenced from startup_mkl46z4.o(RESET)
 <LI><a href="#[39]">DefaultISR</a> from startup_mkl46z4.o(.text) referenced from startup_mkl46z4.o(.text)
 <LI><a href="#[10]">FTFA_IRQHandler</a> from startup_mkl46z4.o(.text) referenced from startup_mkl46z4.o(RESET)
 <LI><a href="#[7]">HardFault_Handler</a> from startup_mkl46z4.o(.text) referenced from startup_mkl46z4.o(RESET)
 <LI><a href="#[31]">I2C0_DriverIRQHandler</a> from startup_mkl46z4.o(.text) referenced from startup_mkl46z4.o(.text)
 <LI><a href="#[13]">I2C0_IRQHandler</a> from startup_mkl46z4.o(.text) referenced from startup_mkl46z4.o(RESET)
 <LI><a href="#[32]">I2C1_DriverIRQHandler</a> from startup_mkl46z4.o(.text) referenced from startup_mkl46z4.o(.text)
 <LI><a href="#[14]">I2C1_IRQHandler</a> from startup_mkl46z4.o(.text) referenced from startup_mkl46z4.o(RESET)
 <LI><a href="#[38]">I2S0_DriverIRQHandler</a> from startup_mkl46z4.o(.text) referenced from startup_mkl46z4.o(.text)
 <LI><a href="#[22]">I2S0_IRQHandler</a> from startup_mkl46z4.o(.text) referenced from startup_mkl46z4.o(RESET)
 <LI><a href="#[28]">LCD_IRQHandler</a> from startup_mkl46z4.o(.text) referenced from startup_mkl46z4.o(RESET)
 <LI><a href="#[12]">LLWU_IRQHandler</a> from startup_mkl46z4.o(.text) referenced from startup_mkl46z4.o(RESET)
 <LI><a href="#[27]">LPTMR0_IRQHandler</a> from startup_mkl46z4.o(.text) referenced from startup_mkl46z4.o(RESET)
 <LI><a href="#[11]">LVD_LVW_IRQHandler</a> from startup_mkl46z4.o(.text) referenced from startup_mkl46z4.o(RESET)
 <LI><a href="#[26]">MCG_IRQHandler</a> from startup_mkl46z4.o(.text) referenced from startup_mkl46z4.o(RESET)
 <LI><a href="#[6]">NMI_Handler</a> from startup_mkl46z4.o(.text) referenced from startup_mkl46z4.o(RESET)
 <LI><a href="#[21]">PIT_IRQHandler</a> from startup_mkl46z4.o(.text) referenced from startup_mkl46z4.o(RESET)
 <LI><a href="#[29]">PORTA_IRQHandler</a> from startup_mkl46z4.o(.text) referenced from startup_mkl46z4.o(RESET)
 <LI><a href="#[2a]">PORTC_PORTD_IRQHandler</a> from startup_mkl46z4.o(.text) referenced from startup_mkl46z4.o(RESET)
 <LI><a href="#[9]">PendSV_Handler</a> from startup_mkl46z4.o(.text) referenced from startup_mkl46z4.o(RESET)
 <LI><a href="#[1f]">RTC_IRQHandler</a> from startup_mkl46z4.o(.text) referenced from startup_mkl46z4.o(RESET)
 <LI><a href="#[20]">RTC_Seconds_IRQHandler</a> from startup_mkl46z4.o(.text) referenced from startup_mkl46z4.o(RESET)
 <LI><a href="#[f]">Reserved20_IRQHandler</a> from startup_mkl46z4.o(.text) referenced from startup_mkl46z4.o(RESET)
 <LI><a href="#[3a]">Reset_Handler</a> from startup_mkl46z4.o(.text) referenced from startup_mkl46z4.o(RESET)
 <LI><a href="#[33]">SPI0_DriverIRQHandler</a> from startup_mkl46z4.o(.text) referenced from startup_mkl46z4.o(.text)
 <LI><a href="#[15]">SPI0_IRQHandler</a> from startup_mkl46z4.o(.text) referenced from startup_mkl46z4.o(RESET)
 <LI><a href="#[34]">SPI1_DriverIRQHandler</a> from startup_mkl46z4.o(.text) referenced from startup_mkl46z4.o(.text)
 <LI><a href="#[16]">SPI1_IRQHandler</a> from startup_mkl46z4.o(.text) referenced from startup_mkl46z4.o(RESET)
 <LI><a href="#[8]">SVC_Handler</a> from startup_mkl46z4.o(.text) referenced from startup_mkl46z4.o(RESET)
 <LI><a href="#[a]">SysTick_Handler</a> from startup_mkl46z4.o(.text) referenced from startup_mkl46z4.o(RESET)
 <LI><a href="#[2b]">SystemInit</a> from system_mkl46z4.o(i.SystemInit) referenced from startup_mkl46z4.o(.text)
 <LI><a href="#[1c]">TPM0_IRQHandler</a> from startup_mkl46z4.o(.text) referenced from startup_mkl46z4.o(RESET)
 <LI><a href="#[1d]">TPM1_IRQHandler</a> from startup_mkl46z4.o(.text) referenced from startup_mkl46z4.o(RESET)
 <LI><a href="#[1e]">TPM2_IRQHandler</a> from startup_mkl46z4.o(.text) referenced from startup_mkl46z4.o(RESET)
 <LI><a href="#[25]">TSI0_IRQHandler</a> from startup_mkl46z4.o(.text) referenced from startup_mkl46z4.o(RESET)
 <LI><a href="#[35]">UART0_DriverIRQHandler</a> from startup_mkl46z4.o(.text) referenced from startup_mkl46z4.o(.text)
 <LI><a href="#[17]">UART0_IRQHandler</a> from startup_mkl46z4.o(.text) referenced from startup_mkl46z4.o(RESET)
 <LI><a href="#[36]">UART1_DriverIRQHandler</a> from startup_mkl46z4.o(.text) referenced from startup_mkl46z4.o(.text)
 <LI><a href="#[18]">UART1_IRQHandler</a> from startup_mkl46z4.o(.text) referenced from startup_mkl46z4.o(RESET)
 <LI><a href="#[37]">UART2_DriverIRQHandler</a> from startup_mkl46z4.o(.text) referenced from startup_mkl46z4.o(.text)
 <LI><a href="#[19]">UART2_IRQHandler</a> from startup_mkl46z4.o(.text) referenced from startup_mkl46z4.o(RESET)
 <LI><a href="#[23]">USB0_IRQHandler</a> from startup_mkl46z4.o(.text) referenced from startup_mkl46z4.o(RESET)
 <LI><a href="#[3b]">__main</a> from __main.o(!!!main) referenced from startup_mkl46z4.o(.text)
</UL>
<P>
<H3>
Global Symbols
</H3>
<P><STRONG><a name="[3b]"></a>__main</STRONG> (Thumb, 8 bytes, Stack size 0 bytes, __main.o(!!!main))
<BR><BR>[Calls]<UL><LI><a href="#[3d]">&gt;&gt;</a>&nbsp;&nbsp;&nbsp;__rt_entry
<LI><a href="#[3c]">&gt;&gt;</a>&nbsp;&nbsp;&nbsp;__scatterload
</UL>

<P><STRONG><a name="[3c]"></a>__scatterload</STRONG> (Thumb, 0 bytes, Stack size unknown bytes, __scatter.o(!!!scatter))
<BR><BR>[Called By]<UL><LI><a href="#[3b]">&gt;&gt;</a>&nbsp;&nbsp;&nbsp;__main
</UL>

<P><STRONG><a name="[3e]"></a>__scatterload_rt2</STRONG> (Thumb, 52 bytes, Stack size unknown bytes, __scatter.o(!!!scatter), UNUSED)
<BR><BR>[Calls]<UL><LI><a href="#[3d]">&gt;&gt;</a>&nbsp;&nbsp;&nbsp;__rt_entry
</UL>

<P><STRONG><a name="[7d]"></a>__scatterload_rt2_thumb_only</STRONG> (Thumb, 0 bytes, Stack size unknown bytes, __scatter.o(!!!scatter), UNUSED)

<P><STRONG><a name="[7e]"></a>__scatterload_null</STRONG> (Thumb, 0 bytes, Stack size unknown bytes, __scatter.o(!!!scatter), UNUSED)

<P><STRONG><a name="[7f]"></a>__scatterload_zeroinit</STRONG> (Thumb, 28 bytes, Stack size unknown bytes, __scatter_zi.o(!!handler_zi), UNUSED)

<P><STRONG><a name="[40]"></a>__rt_lib_init</STRONG> (Thumb, 0 bytes, Stack size unknown bytes, libinit.o(.ARM.Collect$$libinit$$00000000))
<BR><BR>[Called By]<UL><LI><a href="#[3f]">&gt;&gt;</a>&nbsp;&nbsp;&nbsp;__rt_entry_li
</UL>

<P><STRONG><a name="[80]"></a>__rt_lib_init_alloca_1</STRONG> (Thumb, 0 bytes, Stack size unknown bytes, libinit2.o(.ARM.Collect$$libinit$$0000002E))

<P><STRONG><a name="[81]"></a>__rt_lib_init_argv_1</STRONG> (Thumb, 0 bytes, Stack size unknown bytes, libinit2.o(.ARM.Collect$$libinit$$0000002C))

<P><STRONG><a name="[82]"></a>__rt_lib_init_atexit_1</STRONG> (Thumb, 0 bytes, Stack size unknown bytes, libinit2.o(.ARM.Collect$$libinit$$0000001B))

<P><STRONG><a name="[83]"></a>__rt_lib_init_clock_1</STRONG> (Thumb, 0 bytes, Stack size unknown bytes, libinit2.o(.ARM.Collect$$libinit$$00000021))

<P><STRONG><a name="[84]"></a>__rt_lib_init_cpp_1</STRONG> (Thumb, 0 bytes, Stack size unknown bytes, libinit2.o(.ARM.Collect$$libinit$$00000032))

<P><STRONG><a name="[85]"></a>__rt_lib_init_exceptions_1</STRONG> (Thumb, 0 bytes, Stack size unknown bytes, libinit2.o(.ARM.Collect$$libinit$$00000030))

<P><STRONG><a name="[86]"></a>__rt_lib_init_fp_1</STRONG> (Thumb, 0 bytes, Stack size unknown bytes, libinit2.o(.ARM.Collect$$libinit$$00000002))

<P><STRONG><a name="[87]"></a>__rt_lib_init_fp_trap_1</STRONG> (Thumb, 0 bytes, Stack size unknown bytes, libinit2.o(.ARM.Collect$$libinit$$0000001F))

<P><STRONG><a name="[88]"></a>__rt_lib_init_getenv_1</STRONG> (Thumb, 0 bytes, Stack size unknown bytes, libinit2.o(.ARM.Collect$$libinit$$00000023))

<P><STRONG><a name="[89]"></a>__rt_lib_init_heap_1</STRONG> (Thumb, 0 bytes, Stack size unknown bytes, libinit2.o(.ARM.Collect$$libinit$$0000000A))

<P><STRONG><a name="[8a]"></a>__rt_lib_init_lc_collate_1</STRONG> (Thumb, 0 bytes, Stack size unknown bytes, libinit2.o(.ARM.Collect$$libinit$$00000011))

<P><STRONG><a name="[8b]"></a>__rt_lib_init_lc_ctype_1</STRONG> (Thumb, 0 bytes, Stack size unknown bytes, libinit2.o(.ARM.Collect$$libinit$$00000013))

<P><STRONG><a name="[8c]"></a>__rt_lib_init_lc_monetary_1</STRONG> (Thumb, 0 bytes, Stack size unknown bytes, libinit2.o(.ARM.Collect$$libinit$$00000015))

<P><STRONG><a name="[8d]"></a>__rt_lib_init_lc_numeric_1</STRONG> (Thumb, 0 bytes, Stack size unknown bytes, libinit2.o(.ARM.Collect$$libinit$$00000017))

<P><STRONG><a name="[8e]"></a>__rt_lib_init_lc_time_1</STRONG> (Thumb, 0 bytes, Stack size unknown bytes, libinit2.o(.ARM.Collect$$libinit$$00000019))

<P><STRONG><a name="[8f]"></a>__rt_lib_init_preinit_1</STRONG> (Thumb, 0 bytes, Stack size unknown bytes, libinit2.o(.ARM.Collect$$libinit$$00000004))

<P><STRONG><a name="[90]"></a>__rt_lib_init_rand_1</STRONG> (Thumb, 0 bytes, Stack size unknown bytes, libinit2.o(.ARM.Collect$$libinit$$0000000E))

<P><STRONG><a name="[91]"></a>__rt_lib_init_return</STRONG> (Thumb, 0 bytes, Stack size unknown bytes, libinit2.o(.ARM.Collect$$libinit$$00000033))

<P><STRONG><a name="[92]"></a>__rt_lib_init_signal_1</STRONG> (Thumb, 0 bytes, Stack size unknown bytes, libinit2.o(.ARM.Collect$$libinit$$0000001D))

<P><STRONG><a name="[93]"></a>__rt_lib_init_stdio_1</STRONG> (Thumb, 0 bytes, Stack size unknown bytes, libinit2.o(.ARM.Collect$$libinit$$00000025))

<P><STRONG><a name="[94]"></a>__rt_lib_init_user_alloc_1</STRONG> (Thumb, 0 bytes, Stack size unknown bytes, libinit2.o(.ARM.Collect$$libinit$$0000000C))

<P><STRONG><a name="[45]"></a>__rt_lib_shutdown</STRONG> (Thumb, 0 bytes, Stack size unknown bytes, libshutdown.o(.ARM.Collect$$libshutdown$$00000000))
<BR><BR>[Called By]<UL><LI><a href="#[44]">&gt;&gt;</a>&nbsp;&nbsp;&nbsp;__rt_exit_ls
</UL>

<P><STRONG><a name="[95]"></a>__rt_lib_shutdown_cpp_1</STRONG> (Thumb, 0 bytes, Stack size unknown bytes, libshutdown2.o(.ARM.Collect$$libshutdown$$00000002))

<P><STRONG><a name="[96]"></a>__rt_lib_shutdown_fp_trap_1</STRONG> (Thumb, 0 bytes, Stack size unknown bytes, libshutdown2.o(.ARM.Collect$$libshutdown$$00000007))

<P><STRONG><a name="[97]"></a>__rt_lib_shutdown_heap_1</STRONG> (Thumb, 0 bytes, Stack size unknown bytes, libshutdown2.o(.ARM.Collect$$libshutdown$$0000000F))

<P><STRONG><a name="[98]"></a>__rt_lib_shutdown_return</STRONG> (Thumb, 0 bytes, Stack size unknown bytes, libshutdown2.o(.ARM.Collect$$libshutdown$$00000010))

<P><STRONG><a name="[99]"></a>__rt_lib_shutdown_signal_1</STRONG> (Thumb, 0 bytes, Stack size unknown bytes, libshutdown2.o(.ARM.Collect$$libshutdown$$0000000A))

<P><STRONG><a name="[9a]"></a>__rt_lib_shutdown_stdio_1</STRONG> (Thumb, 0 bytes, Stack size unknown bytes, libshutdown2.o(.ARM.Collect$$libshutdown$$00000004))

<P><STRONG><a name="[9b]"></a>__rt_lib_shutdown_user_alloc_1</STRONG> (Thumb, 0 bytes, Stack size unknown bytes, libshutdown2.o(.ARM.Collect$$libshutdown$$0000000C))

<P><STRONG><a name="[3d]"></a>__rt_entry</STRONG> (Thumb, 0 bytes, Stack size unknown bytes, __rtentry.o(.ARM.Collect$$rtentry$$00000000))
<BR><BR>[Called By]<UL><LI><a href="#[3b]">&gt;&gt;</a>&nbsp;&nbsp;&nbsp;__main
<LI><a href="#[3e]">&gt;&gt;</a>&nbsp;&nbsp;&nbsp;__scatterload_rt2
</UL>

<P><STRONG><a name="[9c]"></a>__rt_entry_presh_1</STRONG> (Thumb, 0 bytes, Stack size unknown bytes, __rtentry2.o(.ARM.Collect$$rtentry$$00000002))

<P><STRONG><a name="[9d]"></a>__rt_entry_sh</STRONG> (Thumb, 0 bytes, Stack size unknown bytes, __rtentry7.o(.ARM.Collect$$rtentry$$00000007))

<P><STRONG><a name="[3f]"></a>__rt_entry_li</STRONG> (Thumb, 0 bytes, Stack size unknown bytes, __rtentry2.o(.ARM.Collect$$rtentry$$0000000A))
<BR><BR>[Calls]<UL><LI><a href="#[40]">&gt;&gt;</a>&nbsp;&nbsp;&nbsp;__rt_lib_init
</UL>

<P><STRONG><a name="[9e]"></a>__rt_entry_postsh_1</STRONG> (Thumb, 0 bytes, Stack size unknown bytes, __rtentry2.o(.ARM.Collect$$rtentry$$00000009))

<P><STRONG><a name="[41]"></a>__rt_entry_main</STRONG> (Thumb, 0 bytes, Stack size unknown bytes, __rtentry2.o(.ARM.Collect$$rtentry$$0000000D))
<BR><BR>[Stack]<UL><LI>Max Depth = 272 + Unknown Stack Size
<LI>Call Chain = __rt_entry_main &rArr; main &rArr; pow &rArr; __kernel_poly &rArr; __aeabi_dmul
</UL>
<BR>[Calls]<UL><LI><a href="#[43]">&gt;&gt;</a>&nbsp;&nbsp;&nbsp;exit
<LI><a href="#[42]">&gt;&gt;</a>&nbsp;&nbsp;&nbsp;main
</UL>

<P><STRONG><a name="[9f]"></a>__rt_entry_postli_1</STRONG> (Thumb, 0 bytes, Stack size unknown bytes, __rtentry2.o(.ARM.Collect$$rtentry$$0000000C))

<P><STRONG><a name="[59]"></a>__rt_exit</STRONG> (Thumb, 0 bytes, Stack size unknown bytes, rtexit.o(.ARM.Collect$$rtexit$$00000000))
<BR><BR>[Called By]<UL><LI><a href="#[43]">&gt;&gt;</a>&nbsp;&nbsp;&nbsp;exit
</UL>

<P><STRONG><a name="[44]"></a>__rt_exit_ls</STRONG> (Thumb, 0 bytes, Stack size unknown bytes, rtexit2.o(.ARM.Collect$$rtexit$$00000003))
<BR><BR>[Calls]<UL><LI><a href="#[45]">&gt;&gt;</a>&nbsp;&nbsp;&nbsp;__rt_lib_shutdown
</UL>

<P><STRONG><a name="[a0]"></a>__rt_exit_prels_1</STRONG> (Thumb, 0 bytes, Stack size unknown bytes, rtexit2.o(.ARM.Collect$$rtexit$$00000002))

<P><STRONG><a name="[46]"></a>__rt_exit_exit</STRONG> (Thumb, 0 bytes, Stack size unknown bytes, rtexit2.o(.ARM.Collect$$rtexit$$00000004))
<BR><BR>[Calls]<UL><LI><a href="#[47]">&gt;&gt;</a>&nbsp;&nbsp;&nbsp;_sys_exit
</UL>

<P><STRONG><a name="[3a]"></a>Reset_Handler</STRONG> (Thumb, 24 bytes, Stack size 0 bytes, startup_mkl46z4.o(.text))

<P><STRONG><a name="[6]"></a>NMI_Handler</STRONG> (Thumb, 2 bytes, Stack size 0 bytes, startup_mkl46z4.o(.text))
<BR><BR>[Calls]<UL><LI><a href="#[6]">&gt;&gt;</a>&nbsp;&nbsp;&nbsp;NMI_Handler
</UL>
<BR>[Called By]<UL><LI><a href="#[6]">&gt;&gt;</a>&nbsp;&nbsp;&nbsp;NMI_Handler
</UL>
<BR>[Address Reference Count : 1]<UL><LI> startup_mkl46z4.o(RESET)
</UL>
<P><STRONG><a name="[7]"></a>HardFault_Handler</STRONG> (Thumb, 2 bytes, Stack size 0 bytes, startup_mkl46z4.o(.text))
<BR><BR>[Calls]<UL><LI><a href="#[7]">&gt;&gt;</a>&nbsp;&nbsp;&nbsp;HardFault_Handler
</UL>
<BR>[Called By]<UL><LI><a href="#[7]">&gt;&gt;</a>&nbsp;&nbsp;&nbsp;HardFault_Handler
</UL>
<BR>[Address Reference Count : 1]<UL><LI> startup_mkl46z4.o(RESET)
</UL>
<P><STRONG><a name="[8]"></a>SVC_Handler</STRONG> (Thumb, 2 bytes, Stack size 0 bytes, startup_mkl46z4.o(.text))
<BR><BR>[Calls]<UL><LI><a href="#[8]">&gt;&gt;</a>&nbsp;&nbsp;&nbsp;SVC_Handler
</UL>
<BR>[Called By]<UL><LI><a href="#[8]">&gt;&gt;</a>&nbsp;&nbsp;&nbsp;SVC_Handler
</UL>
<BR>[Address Reference Count : 1]<UL><LI> startup_mkl46z4.o(RESET)
</UL>
<P><STRONG><a name="[9]"></a>PendSV_Handler</STRONG> (Thumb, 2 bytes, Stack size 0 bytes, startup_mkl46z4.o(.text))
<BR><BR>[Calls]<UL><LI><a href="#[9]">&gt;&gt;</a>&nbsp;&nbsp;&nbsp;PendSV_Handler
</UL>
<BR>[Called By]<UL><LI><a href="#[9]">&gt;&gt;</a>&nbsp;&nbsp;&nbsp;PendSV_Handler
</UL>
<BR>[Address Reference Count : 1]<UL><LI> startup_mkl46z4.o(RESET)
</UL>
<P><STRONG><a name="[a]"></a>SysTick_Handler</STRONG> (Thumb, 2 bytes, Stack size 0 bytes, startup_mkl46z4.o(.text))
<BR><BR>[Calls]<UL><LI><a href="#[a]">&gt;&gt;</a>&nbsp;&nbsp;&nbsp;SysTick_Handler
</UL>
<BR>[Called By]<UL><LI><a href="#[a]">&gt;&gt;</a>&nbsp;&nbsp;&nbsp;SysTick_Handler
</UL>
<BR>[Address Reference Count : 1]<UL><LI> startup_mkl46z4.o(RESET)
</UL>
<P><STRONG><a name="[b]"></a>DMA0_IRQHandler</STRONG> (Thumb, 4 bytes, Stack size 0 bytes, startup_mkl46z4.o(.text))
<BR>[Address Reference Count : 1]<UL><LI> startup_mkl46z4.o(RESET)
</UL>
<P><STRONG><a name="[c]"></a>DMA1_IRQHandler</STRONG> (Thumb, 4 bytes, Stack size 0 bytes, startup_mkl46z4.o(.text))
<BR>[Address Reference Count : 1]<UL><LI> startup_mkl46z4.o(RESET)
</UL>
<P><STRONG><a name="[d]"></a>DMA2_IRQHandler</STRONG> (Thumb, 4 bytes, Stack size 0 bytes, startup_mkl46z4.o(.text))
<BR>[Address Reference Count : 1]<UL><LI> startup_mkl46z4.o(RESET)
</UL>
<P><STRONG><a name="[e]"></a>DMA3_IRQHandler</STRONG> (Thumb, 4 bytes, Stack size 0 bytes, startup_mkl46z4.o(.text))
<BR>[Address Reference Count : 1]<UL><LI> startup_mkl46z4.o(RESET)
</UL>
<P><STRONG><a name="[13]"></a>I2C0_IRQHandler</STRONG> (Thumb, 4 bytes, Stack size 0 bytes, startup_mkl46z4.o(.text))
<BR>[Address Reference Count : 1]<UL><LI> startup_mkl46z4.o(RESET)
</UL>
<P><STRONG><a name="[14]"></a>I2C1_IRQHandler</STRONG> (Thumb, 4 bytes, Stack size 0 bytes, startup_mkl46z4.o(.text))
<BR>[Address Reference Count : 1]<UL><LI> startup_mkl46z4.o(RESET)
</UL>
<P><STRONG><a name="[15]"></a>SPI0_IRQHandler</STRONG> (Thumb, 4 bytes, Stack size 0 bytes, startup_mkl46z4.o(.text))
<BR>[Address Reference Count : 1]<UL><LI> startup_mkl46z4.o(RESET)
</UL>
<P><STRONG><a name="[16]"></a>SPI1_IRQHandler</STRONG> (Thumb, 4 bytes, Stack size 0 bytes, startup_mkl46z4.o(.text))
<BR>[Address Reference Count : 1]<UL><LI> startup_mkl46z4.o(RESET)
</UL>
<P><STRONG><a name="[17]"></a>UART0_IRQHandler</STRONG> (Thumb, 4 bytes, Stack size 0 bytes, startup_mkl46z4.o(.text))
<BR>[Address Reference Count : 1]<UL><LI> startup_mkl46z4.o(RESET)
</UL>
<P><STRONG><a name="[18]"></a>UART1_IRQHandler</STRONG> (Thumb, 4 bytes, Stack size 0 bytes, startup_mkl46z4.o(.text))
<BR>[Address Reference Count : 1]<UL><LI> startup_mkl46z4.o(RESET)
</UL>
<P><STRONG><a name="[19]"></a>UART2_IRQHandler</STRONG> (Thumb, 4 bytes, Stack size 0 bytes, startup_mkl46z4.o(.text))
<BR>[Address Reference Count : 1]<UL><LI> startup_mkl46z4.o(RESET)
</UL>
<P><STRONG><a name="[22]"></a>I2S0_IRQHandler</STRONG> (Thumb, 4 bytes, Stack size 0 bytes, startup_mkl46z4.o(.text))
<BR>[Address Reference Count : 1]<UL><LI> startup_mkl46z4.o(RESET)
</UL>
<P><STRONG><a name="[1a]"></a>ADC0_IRQHandler</STRONG> (Thumb, 0 bytes, Stack size 0 bytes, startup_mkl46z4.o(.text))
<BR>[Address Reference Count : 1]<UL><LI> startup_mkl46z4.o(RESET)
</UL>
<P><STRONG><a name="[1b]"></a>CMP0_IRQHandler</STRONG> (Thumb, 0 bytes, Stack size 0 bytes, startup_mkl46z4.o(.text))
<BR>[Address Reference Count : 1]<UL><LI> startup_mkl46z4.o(RESET)
</UL>
<P><STRONG><a name="[24]"></a>DAC0_IRQHandler</STRONG> (Thumb, 0 bytes, Stack size 0 bytes, startup_mkl46z4.o(.text))
<BR>[Address Reference Count : 1]<UL><LI> startup_mkl46z4.o(RESET)
</UL>
<P><STRONG><a name="[2d]"></a>DMA0_DriverIRQHandler</STRONG> (Thumb, 0 bytes, Stack size 0 bytes, startup_mkl46z4.o(.text))
<BR>[Address Reference Count : 1]<UL><LI> startup_mkl46z4.o(.text)
</UL>
<P><STRONG><a name="[2e]"></a>DMA1_DriverIRQHandler</STRONG> (Thumb, 0 bytes, Stack size 0 bytes, startup_mkl46z4.o(.text))
<BR>[Address Reference Count : 1]<UL><LI> startup_mkl46z4.o(.text)
</UL>
<P><STRONG><a name="[2f]"></a>DMA2_DriverIRQHandler</STRONG> (Thumb, 0 bytes, Stack size 0 bytes, startup_mkl46z4.o(.text))
<BR>[Address Reference Count : 1]<UL><LI> startup_mkl46z4.o(.text)
</UL>
<P><STRONG><a name="[30]"></a>DMA3_DriverIRQHandler</STRONG> (Thumb, 0 bytes, Stack size 0 bytes, startup_mkl46z4.o(.text))
<BR>[Address Reference Count : 1]<UL><LI> startup_mkl46z4.o(.text)
</UL>
<P><STRONG><a name="[39]"></a>DefaultISR</STRONG> (Thumb, 0 bytes, Stack size 0 bytes, startup_mkl46z4.o(.text))
<BR>[Address Reference Count : 1]<UL><LI> startup_mkl46z4.o(.text)
</UL>
<P><STRONG><a name="[10]"></a>FTFA_IRQHandler</STRONG> (Thumb, 0 bytes, Stack size 0 bytes, startup_mkl46z4.o(.text))
<BR>[Address Reference Count : 1]<UL><LI> startup_mkl46z4.o(RESET)
</UL>
<P><STRONG><a name="[31]"></a>I2C0_DriverIRQHandler</STRONG> (Thumb, 0 bytes, Stack size 0 bytes, startup_mkl46z4.o(.text))
<BR>[Address Reference Count : 1]<UL><LI> startup_mkl46z4.o(.text)
</UL>
<P><STRONG><a name="[32]"></a>I2C1_DriverIRQHandler</STRONG> (Thumb, 0 bytes, Stack size 0 bytes, startup_mkl46z4.o(.text))
<BR>[Address Reference Count : 1]<UL><LI> startup_mkl46z4.o(.text)
</UL>
<P><STRONG><a name="[38]"></a>I2S0_DriverIRQHandler</STRONG> (Thumb, 0 bytes, Stack size 0 bytes, startup_mkl46z4.o(.text))
<BR>[Address Reference Count : 1]<UL><LI> startup_mkl46z4.o(.text)
</UL>
<P><STRONG><a name="[28]"></a>LCD_IRQHandler</STRONG> (Thumb, 0 bytes, Stack size 0 bytes, startup_mkl46z4.o(.text))
<BR>[Address Reference Count : 1]<UL><LI> startup_mkl46z4.o(RESET)
</UL>
<P><STRONG><a name="[12]"></a>LLWU_IRQHandler</STRONG> (Thumb, 0 bytes, Stack size 0 bytes, startup_mkl46z4.o(.text))
<BR>[Address Reference Count : 1]<UL><LI> startup_mkl46z4.o(RESET)
</UL>
<P><STRONG><a name="[27]"></a>LPTMR0_IRQHandler</STRONG> (Thumb, 0 bytes, Stack size 0 bytes, startup_mkl46z4.o(.text))
<BR>[Address Reference Count : 1]<UL><LI> startup_mkl46z4.o(RESET)
</UL>
<P><STRONG><a name="[11]"></a>LVD_LVW_IRQHandler</STRONG> (Thumb, 0 bytes, Stack size 0 bytes, startup_mkl46z4.o(.text))
<BR>[Address Reference Count : 1]<UL><LI> startup_mkl46z4.o(RESET)
</UL>
<P><STRONG><a name="[26]"></a>MCG_IRQHandler</STRONG> (Thumb, 0 bytes, Stack size 0 bytes, startup_mkl46z4.o(.text))
<BR>[Address Reference Count : 1]<UL><LI> startup_mkl46z4.o(RESET)
</UL>
<P><STRONG><a name="[21]"></a>PIT_IRQHandler</STRONG> (Thumb, 0 bytes, Stack size 0 bytes, startup_mkl46z4.o(.text))
<BR>[Address Reference Count : 1]<UL><LI> startup_mkl46z4.o(RESET)
</UL>
<P><STRONG><a name="[29]"></a>PORTA_IRQHandler</STRONG> (Thumb, 0 bytes, Stack size 0 bytes, startup_mkl46z4.o(.text))
<BR>[Address Reference Count : 1]<UL><LI> startup_mkl46z4.o(RESET)
</UL>
<P><STRONG><a name="[2a]"></a>PORTC_PORTD_IRQHandler</STRONG> (Thumb, 0 bytes, Stack size 0 bytes, startup_mkl46z4.o(.text))
<BR>[Address Reference Count : 1]<UL><LI> startup_mkl46z4.o(RESET)
</UL>
<P><STRONG><a name="[1f]"></a>RTC_IRQHandler</STRONG> (Thumb, 0 bytes, Stack size 0 bytes, startup_mkl46z4.o(.text))
<BR>[Address Reference Count : 1]<UL><LI> startup_mkl46z4.o(RESET)
</UL>
<P><STRONG><a name="[20]"></a>RTC_Seconds_IRQHandler</STRONG> (Thumb, 0 bytes, Stack size 0 bytes, startup_mkl46z4.o(.text))
<BR>[Address Reference Count : 1]<UL><LI> startup_mkl46z4.o(RESET)
</UL>
<P><STRONG><a name="[f]"></a>Reserved20_IRQHandler</STRONG> (Thumb, 0 bytes, Stack size 0 bytes, startup_mkl46z4.o(.text))
<BR>[Address Reference Count : 1]<UL><LI> startup_mkl46z4.o(RESET)
</UL>
<P><STRONG><a name="[33]"></a>SPI0_DriverIRQHandler</STRONG> (Thumb, 0 bytes, Stack size 0 bytes, startup_mkl46z4.o(.text))
<BR>[Address Reference Count : 1]<UL><LI> startup_mkl46z4.o(.text)
</UL>
<P><STRONG><a name="[34]"></a>SPI1_DriverIRQHandler</STRONG> (Thumb, 0 bytes, Stack size 0 bytes, startup_mkl46z4.o(.text))
<BR>[Address Reference Count : 1]<UL><LI> startup_mkl46z4.o(.text)
</UL>
<P><STRONG><a name="[1c]"></a>TPM0_IRQHandler</STRONG> (Thumb, 0 bytes, Stack size 0 bytes, startup_mkl46z4.o(.text))
<BR>[Address Reference Count : 1]<UL><LI> startup_mkl46z4.o(RESET)
</UL>
<P><STRONG><a name="[1d]"></a>TPM1_IRQHandler</STRONG> (Thumb, 0 bytes, Stack size 0 bytes, startup_mkl46z4.o(.text))
<BR>[Address Reference Count : 1]<UL><LI> startup_mkl46z4.o(RESET)
</UL>
<P><STRONG><a name="[1e]"></a>TPM2_IRQHandler</STRONG> (Thumb, 0 bytes, Stack size 0 bytes, startup_mkl46z4.o(.text))
<BR>[Address Reference Count : 1]<UL><LI> startup_mkl46z4.o(RESET)
</UL>
<P><STRONG><a name="[25]"></a>TSI0_IRQHandler</STRONG> (Thumb, 0 bytes, Stack size 0 bytes, startup_mkl46z4.o(.text))
<BR>[Address Reference Count : 1]<UL><LI> startup_mkl46z4.o(RESET)
</UL>
<P><STRONG><a name="[35]"></a>UART0_DriverIRQHandler</STRONG> (Thumb, 0 bytes, Stack size 0 bytes, startup_mkl46z4.o(.text))
<BR>[Address Reference Count : 1]<UL><LI> startup_mkl46z4.o(.text)
</UL>
<P><STRONG><a name="[36]"></a>UART1_DriverIRQHandler</STRONG> (Thumb, 0 bytes, Stack size 0 bytes, startup_mkl46z4.o(.text))
<BR>[Address Reference Count : 1]<UL><LI> startup_mkl46z4.o(.text)
</UL>
<P><STRONG><a name="[37]"></a>UART2_DriverIRQHandler</STRONG> (Thumb, 0 bytes, Stack size 0 bytes, startup_mkl46z4.o(.text))
<BR>[Address Reference Count : 1]<UL><LI> startup_mkl46z4.o(.text)
</UL>
<P><STRONG><a name="[23]"></a>USB0_IRQHandler</STRONG> (Thumb, 0 bytes, Stack size 0 bytes, startup_mkl46z4.o(.text))
<BR>[Address Reference Count : 1]<UL><LI> startup_mkl46z4.o(RESET)
</UL>
<P><STRONG><a name="[a1]"></a>__aeabi_uidiv</STRONG> (Thumb, 0 bytes, Stack size 0 bytes, aeabi_sdiv.o(.text), UNUSED)

<P><STRONG><a name="[a2]"></a>__aeabi_uidivmod</STRONG> (Thumb, 20 bytes, Stack size 0 bytes, aeabi_sdiv.o(.text), UNUSED)

<P><STRONG><a name="[a3]"></a>__aeabi_idiv</STRONG> (Thumb, 0 bytes, Stack size 8 bytes, aeabi_sdiv.o(.text), UNUSED)

<P><STRONG><a name="[5d]"></a>__aeabi_idivmod</STRONG> (Thumb, 326 bytes, Stack size 8 bytes, aeabi_sdiv.o(.text))
<BR><BR>[Stack]<UL><LI>Max Depth = 8<LI>Call Chain = __aeabi_idivmod
</UL>
<BR>[Called By]<UL><LI><a href="#[5b]">&gt;&gt;</a>&nbsp;&nbsp;&nbsp;SegLCD_DisplayDecimal
</UL>

<P><STRONG><a name="[62]"></a>__aeabi_dadd</STRONG> (Thumb, 0 bytes, Stack size 8 bytes, daddsub.o(.text))
<BR><BR>[Stack]<UL><LI>Max Depth = 8<LI>Call Chain = __aeabi_dadd
</UL>
<BR>[Called By]<UL><LI><a href="#[60]">&gt;&gt;</a>&nbsp;&nbsp;&nbsp;__kernel_poly
<LI><a href="#[65]">&gt;&gt;</a>&nbsp;&nbsp;&nbsp;__mathlib_dbl_infnan2
<LI><a href="#[6e]">&gt;&gt;</a>&nbsp;&nbsp;&nbsp;pow
<LI><a href="#[42]">&gt;&gt;</a>&nbsp;&nbsp;&nbsp;main
</UL>

<P><STRONG><a name="[48]"></a>_dadd</STRONG> (Thumb, 26 bytes, Stack size 8 bytes, daddsub.o(.text), UNUSED)
<BR><BR>[Calls]<UL><LI><a href="#[49]">&gt;&gt;</a>&nbsp;&nbsp;&nbsp;_dsub1
<LI><a href="#[4a]">&gt;&gt;</a>&nbsp;&nbsp;&nbsp;_dadd1
</UL>

<P><STRONG><a name="[77]"></a>__aeabi_dsub</STRONG> (Thumb, 0 bytes, Stack size 8 bytes, daddsub.o(.text))
<BR><BR>[Stack]<UL><LI>Max Depth = 8<LI>Call Chain = __aeabi_dsub
</UL>
<BR>[Called By]<UL><LI><a href="#[6e]">&gt;&gt;</a>&nbsp;&nbsp;&nbsp;pow
</UL>

<P><STRONG><a name="[4b]"></a>_dsub</STRONG> (Thumb, 22 bytes, Stack size 8 bytes, daddsub.o(.text), UNUSED)
<BR><BR>[Calls]<UL><LI><a href="#[49]">&gt;&gt;</a>&nbsp;&nbsp;&nbsp;_dsub1
<LI><a href="#[4a]">&gt;&gt;</a>&nbsp;&nbsp;&nbsp;_dadd1
</UL>

<P><STRONG><a name="[78]"></a>__aeabi_drsub</STRONG> (Thumb, 0 bytes, Stack size 16 bytes, daddsub.o(.text))
<BR><BR>[Stack]<UL><LI>Max Depth = 16<LI>Call Chain = __aeabi_drsub
</UL>
<BR>[Called By]<UL><LI><a href="#[6e]">&gt;&gt;</a>&nbsp;&nbsp;&nbsp;pow
</UL>

<P><STRONG><a name="[4c]"></a>_drsb</STRONG> (Thumb, 28 bytes, Stack size 16 bytes, daddsub.o(.text), UNUSED)
<BR><BR>[Calls]<UL><LI><a href="#[49]">&gt;&gt;</a>&nbsp;&nbsp;&nbsp;_dsub1
<LI><a href="#[4a]">&gt;&gt;</a>&nbsp;&nbsp;&nbsp;_dadd1
</UL>

<P><STRONG><a name="[64]"></a>__aeabi_ddiv</STRONG> (Thumb, 0 bytes, Stack size 64 bytes, ddiv.o(.text))
<BR><BR>[Stack]<UL><LI>Max Depth = 64<LI>Call Chain = __aeabi_ddiv
</UL>
<BR>[Called By]<UL><LI><a href="#[66]">&gt;&gt;</a>&nbsp;&nbsp;&nbsp;__mathlib_dbl_invalid
<LI><a href="#[63]">&gt;&gt;</a>&nbsp;&nbsp;&nbsp;__mathlib_dbl_divzero
<LI><a href="#[6e]">&gt;&gt;</a>&nbsp;&nbsp;&nbsp;pow
<LI><a href="#[42]">&gt;&gt;</a>&nbsp;&nbsp;&nbsp;main
</UL>

<P><STRONG><a name="[4e]"></a>_ddiv</STRONG> (Thumb, 1072 bytes, Stack size 64 bytes, ddiv.o(.text), UNUSED)
<BR><BR>[Called By]<UL><LI><a href="#[4d]">&gt;&gt;</a>&nbsp;&nbsp;&nbsp;_drdiv
</UL>

<P><STRONG><a name="[4d]"></a>_drdiv</STRONG> (Thumb, 20 bytes, Stack size 16 bytes, ddiv.o(.text), UNUSED)
<BR><BR>[Calls]<UL><LI><a href="#[4e]">&gt;&gt;</a>&nbsp;&nbsp;&nbsp;_ddiv
</UL>

<P><STRONG><a name="[70]"></a>__aeabi_d2uiz</STRONG> (Thumb, 0 bytes, Stack size 8 bytes, dfixui.o(.text))
<BR><BR>[Stack]<UL><LI>Max Depth = 8<LI>Call Chain = __aeabi_d2uiz
</UL>
<BR>[Called By]<UL><LI><a href="#[42]">&gt;&gt;</a>&nbsp;&nbsp;&nbsp;main
</UL>

<P><STRONG><a name="[a4]"></a>_dfixu</STRONG> (Thumb, 68 bytes, Stack size 8 bytes, dfixui.o(.text), UNUSED)

<P><STRONG><a name="[50]"></a>__aeabi_i2d_normalise</STRONG> (Thumb, 66 bytes, Stack size 0 bytes, dflti.o(.text))
<BR><BR>[Called By]<UL><LI><a href="#[51]">&gt;&gt;</a>&nbsp;&nbsp;&nbsp;__aeabi_ui2d
<LI><a href="#[4f]">&gt;&gt;</a>&nbsp;&nbsp;&nbsp;__aeabi_i2d
</UL>

<P><STRONG><a name="[4f]"></a>__aeabi_i2d</STRONG> (Thumb, 16 bytes, Stack size 0 bytes, dflti.o(.text))
<BR><BR>[Calls]<UL><LI><a href="#[50]">&gt;&gt;</a>&nbsp;&nbsp;&nbsp;__aeabi_i2d_normalise
</UL>
<BR>[Called By]<UL><LI><a href="#[6e]">&gt;&gt;</a>&nbsp;&nbsp;&nbsp;pow
<LI><a href="#[42]">&gt;&gt;</a>&nbsp;&nbsp;&nbsp;main
</UL>

<P><STRONG><a name="[a5]"></a>_dflt</STRONG> (Thumb, 0 bytes, Stack size 0 bytes, dflti.o(.text), UNUSED)

<P><STRONG><a name="[51]"></a>__aeabi_ui2d</STRONG> (Thumb, 6 bytes, Stack size 0 bytes, dflti.o(.text), UNUSED)
<BR><BR>[Calls]<UL><LI><a href="#[50]">&gt;&gt;</a>&nbsp;&nbsp;&nbsp;__aeabi_i2d_normalise
</UL>

<P><STRONG><a name="[a6]"></a>_dfltu</STRONG> (Thumb, 0 bytes, Stack size 0 bytes, dflti.o(.text), UNUSED)

<P><STRONG><a name="[52]"></a>__read_errno</STRONG> (Thumb, 10 bytes, Stack size 8 bytes, _rserrno.o(.text), UNUSED)
<BR><BR>[Calls]<UL><LI><a href="#[53]">&gt;&gt;</a>&nbsp;&nbsp;&nbsp;__aeabi_errno_addr
</UL>

<P><STRONG><a name="[54]"></a>__set_errno</STRONG> (Thumb, 12 bytes, Stack size 8 bytes, _rserrno.o(.text))
<BR><BR>[Stack]<UL><LI>Max Depth = 8<LI>Call Chain = __set_errno
</UL>
<BR>[Calls]<UL><LI><a href="#[53]">&gt;&gt;</a>&nbsp;&nbsp;&nbsp;__aeabi_errno_addr
</UL>
<BR>[Called By]<UL><LI><a href="#[6f]">&gt;&gt;</a>&nbsp;&nbsp;&nbsp;sqrt
<LI><a href="#[6e]">&gt;&gt;</a>&nbsp;&nbsp;&nbsp;pow
</UL>

<P><STRONG><a name="[61]"></a>__aeabi_dmul</STRONG> (Thumb, 0 bytes, Stack size 56 bytes, dmul.o(.text))
<BR><BR>[Stack]<UL><LI>Max Depth = 56<LI>Call Chain = __aeabi_dmul
</UL>
<BR>[Called By]<UL><LI><a href="#[60]">&gt;&gt;</a>&nbsp;&nbsp;&nbsp;__kernel_poly
<LI><a href="#[6e]">&gt;&gt;</a>&nbsp;&nbsp;&nbsp;pow
</UL>

<P><STRONG><a name="[a7]"></a>_dmul</STRONG> (Thumb, 558 bytes, Stack size 56 bytes, dmul.o(.text), UNUSED)

<P><STRONG><a name="[68]"></a>__ARM_scalbn</STRONG> (Thumb, 84 bytes, Stack size 16 bytes, dscalbn.o(.text))
<BR><BR>[Stack]<UL><LI>Max Depth = 16<LI>Call Chain = __ARM_scalbn
</UL>
<BR>[Called By]<UL><LI><a href="#[69]">&gt;&gt;</a>&nbsp;&nbsp;&nbsp;__mathlib_dbl_underflow
<LI><a href="#[67]">&gt;&gt;</a>&nbsp;&nbsp;&nbsp;__mathlib_dbl_overflow
<LI><a href="#[6e]">&gt;&gt;</a>&nbsp;&nbsp;&nbsp;pow
</UL>

<P><STRONG><a name="[7b]"></a>_dsqrt</STRONG> (Thumb, 248 bytes, Stack size 20 bytes, dsqrt.o(.text))
<BR><BR>[Stack]<UL><LI>Max Depth = 20<LI>Call Chain = _dsqrt
</UL>
<BR>[Called By]<UL><LI><a href="#[6f]">&gt;&gt;</a>&nbsp;&nbsp;&nbsp;sqrt
</UL>

<P><STRONG><a name="[53]"></a>__aeabi_errno_addr</STRONG> (Thumb, 8 bytes, Stack size 0 bytes, rt_errno_addr_intlibspace.o(.text))
<BR><BR>[Called By]<UL><LI><a href="#[54]">&gt;&gt;</a>&nbsp;&nbsp;&nbsp;__set_errno
<LI><a href="#[52]">&gt;&gt;</a>&nbsp;&nbsp;&nbsp;__read_errno
</UL>

<P><STRONG><a name="[a8]"></a>__errno$intlibspace</STRONG> (Thumb, 0 bytes, Stack size 0 bytes, rt_errno_addr_intlibspace.o(.text), UNUSED)

<P><STRONG><a name="[a9]"></a>__rt_errno_addr$intlibspace</STRONG> (Thumb, 0 bytes, Stack size 0 bytes, rt_errno_addr_intlibspace.o(.text), UNUSED)

<P><STRONG><a name="[55]"></a>__fpl_dcmp_InfNaN</STRONG> (Thumb, 140 bytes, Stack size 24 bytes, dcmpin.o(.text), UNUSED)
<BR><BR>[Calls]<UL><LI><a href="#[57]">&gt;&gt;</a>&nbsp;&nbsp;&nbsp;__fpl_dcheck_NaN2
<LI><a href="#[56]">&gt;&gt;</a>&nbsp;&nbsp;&nbsp;__fpl_cmpreturn
</UL>
<BR>[Called By]<UL><LI><a href="#[7c]">&gt;&gt;</a>&nbsp;&nbsp;&nbsp;_drcmple
</UL>

<P><STRONG><a name="[43]"></a>exit</STRONG> (Thumb, 16 bytes, Stack size 8 bytes, exit.o(.text))
<BR><BR>[Stack]<UL><LI>Max Depth = 8 + Unknown Stack Size
<LI>Call Chain = exit
</UL>
<BR>[Calls]<UL><LI><a href="#[59]">&gt;&gt;</a>&nbsp;&nbsp;&nbsp;__rt_exit
<LI><a href="#[58]">&gt;&gt;</a>&nbsp;&nbsp;&nbsp;_call_atexit_fns (Weak Reference)
</UL>
<BR>[Called By]<UL><LI><a href="#[41]">&gt;&gt;</a>&nbsp;&nbsp;&nbsp;__rt_entry_main
</UL>

<P><STRONG><a name="[56]"></a>__fpl_cmpreturn</STRONG> (Thumb, 46 bytes, Stack size 0 bytes, cmpret.o(.text), UNUSED)
<BR><BR>[Called By]<UL><LI><a href="#[5a]">&gt;&gt;</a>&nbsp;&nbsp;&nbsp;__fpl_return_NaN
<LI><a href="#[55]">&gt;&gt;</a>&nbsp;&nbsp;&nbsp;__fpl_dcmp_InfNaN
</UL>

<P><STRONG><a name="[57]"></a>__fpl_dcheck_NaN2</STRONG> (Thumb, 14 bytes, Stack size 8 bytes, dnan2.o(.text), UNUSED)
<BR><BR>[Calls]<UL><LI><a href="#[5a]">&gt;&gt;</a>&nbsp;&nbsp;&nbsp;__fpl_return_NaN
</UL>
<BR>[Called By]<UL><LI><a href="#[55]">&gt;&gt;</a>&nbsp;&nbsp;&nbsp;__fpl_dcmp_InfNaN
</UL>

<P><STRONG><a name="[5a]"></a>__fpl_return_NaN</STRONG> (Thumb, 94 bytes, Stack size 8 bytes, retnan.o(.text), UNUSED)
<BR><BR>[Calls]<UL><LI><a href="#[56]">&gt;&gt;</a>&nbsp;&nbsp;&nbsp;__fpl_cmpreturn
</UL>
<BR>[Called By]<UL><LI><a href="#[57]">&gt;&gt;</a>&nbsp;&nbsp;&nbsp;__fpl_dcheck_NaN2
</UL>

<P><STRONG><a name="[47]"></a>_sys_exit</STRONG> (Thumb, 8 bytes, Stack size 0 bytes, sys_exit.o(.text))
<BR><BR>[Called By]<UL><LI><a href="#[46]">&gt;&gt;</a>&nbsp;&nbsp;&nbsp;__rt_exit_exit
</UL>

<P><STRONG><a name="[aa]"></a>__I$use$semihosting</STRONG> (Thumb, 0 bytes, Stack size 0 bytes, use_no_semi.o(.text), UNUSED)

<P><STRONG><a name="[ab]"></a>__use_no_semihosting_swi</STRONG> (Thumb, 2 bytes, Stack size 0 bytes, use_no_semi.o(.text), UNUSED)

<P><STRONG><a name="[ac]"></a>__semihosting_library_function</STRONG> (Thumb, 0 bytes, Stack size unknown bytes, indicate_semi.o(.text), UNUSED)

<P><STRONG><a name="[74]"></a>I2CWait</STRONG> (Thumb, 26 bytes, Stack size 0 bytes, i2c.o(i.I2CWait))
<BR><BR>[Called By]<UL><LI><a href="#[72]">&gt;&gt;</a>&nbsp;&nbsp;&nbsp;mma_set
<LI><a href="#[6d]">&gt;&gt;</a>&nbsp;&nbsp;&nbsp;mma_read
</UL>

<P><STRONG><a name="[75]"></a>I2C_Get_Ack</STRONG> (Thumb, 20 bytes, Stack size 0 bytes, i2c.o(i.I2C_Get_Ack))
<BR><BR>[Called By]<UL><LI><a href="#[72]">&gt;&gt;</a>&nbsp;&nbsp;&nbsp;mma_set
<LI><a href="#[6d]">&gt;&gt;</a>&nbsp;&nbsp;&nbsp;mma_read
</UL>

<P><STRONG><a name="[71]"></a>InitI2C</STRONG> (Thumb, 48 bytes, Stack size 0 bytes, i2c.o(i.InitI2C))
<BR><BR>[Called By]<UL><LI><a href="#[6c]">&gt;&gt;</a>&nbsp;&nbsp;&nbsp;mma_init
</UL>

<P><STRONG><a name="[5b]"></a>SegLCD_DisplayDecimal</STRONG> (Thumb, 132 bytes, Stack size 16 bytes, seg_lcd.o(i.SegLCD_DisplayDecimal))
<BR><BR>[Stack]<UL><LI>Max Depth = 40<LI>Call Chain = SegLCD_DisplayDecimal &rArr; SegLCD_Set &rArr; SegLCD_DisplayError &rArr;  SegLCD_Set (Cycle)
</UL>
<BR>[Calls]<UL><LI><a href="#[5d]">&gt;&gt;</a>&nbsp;&nbsp;&nbsp;__aeabi_idivmod
<LI><a href="#[5e]">&gt;&gt;</a>&nbsp;&nbsp;&nbsp;SegLCD_Set
<LI><a href="#[5c]">&gt;&gt;</a>&nbsp;&nbsp;&nbsp;SegLCD_DisplayError
</UL>
<BR>[Called By]<UL><LI><a href="#[42]">&gt;&gt;</a>&nbsp;&nbsp;&nbsp;main
</UL>

<P><STRONG><a name="[5c]"></a>SegLCD_DisplayError</STRONG> (Thumb, 62 bytes, Stack size 8 bytes, seg_lcd.o(i.SegLCD_DisplayError))
<BR><BR>[Stack]<UL><LI>Max Depth = 8 + In Cycle
<LI>Call Chain = SegLCD_DisplayError &rArr;  SegLCD_Set (Cycle)
</UL>
<BR>[Calls]<UL><LI><a href="#[5e]">&gt;&gt;</a>&nbsp;&nbsp;&nbsp;SegLCD_Set
</UL>
<BR>[Called By]<UL><LI><a href="#[5e]">&gt;&gt;</a>&nbsp;&nbsp;&nbsp;SegLCD_Set
<LI><a href="#[5b]">&gt;&gt;</a>&nbsp;&nbsp;&nbsp;SegLCD_DisplayDecimal
</UL>

<P><STRONG><a name="[6b]"></a>SegLCD_Init</STRONG> (Thumb, 200 bytes, Stack size 0 bytes, seg_lcd.o(i.SegLCD_Init))
<BR><BR>[Called By]<UL><LI><a href="#[42]">&gt;&gt;</a>&nbsp;&nbsp;&nbsp;main
</UL>

<P><STRONG><a name="[5e]"></a>SegLCD_Set</STRONG> (Thumb, 496 bytes, Stack size 16 bytes, seg_lcd.o(i.SegLCD_Set))
<BR><BR>[Stack]<UL><LI>Max Depth = 24<LI>Call Chain = SegLCD_Set &rArr; SegLCD_DisplayError &rArr;  SegLCD_Set (Cycle)
</UL>
<BR>[Calls]<UL><LI><a href="#[5c]">&gt;&gt;</a>&nbsp;&nbsp;&nbsp;SegLCD_DisplayError
</UL>
<BR>[Called By]<UL><LI><a href="#[5c]">&gt;&gt;</a>&nbsp;&nbsp;&nbsp;SegLCD_DisplayError
<LI><a href="#[5b]">&gt;&gt;</a>&nbsp;&nbsp;&nbsp;SegLCD_DisplayDecimal
</UL>

<P><STRONG><a name="[6a]"></a>SystemClockConfiguration</STRONG> (Thumb, 82 bytes, Stack size 0 bytes, seg_lcd.o(i.SystemClockConfiguration))
<BR><BR>[Called By]<UL><LI><a href="#[42]">&gt;&gt;</a>&nbsp;&nbsp;&nbsp;main
</UL>

<P><STRONG><a name="[2b]"></a>SystemInit</STRONG> (Thumb, 14 bytes, Stack size 8 bytes, system_mkl46z4.o(i.SystemInit))
<BR><BR>[Stack]<UL><LI>Max Depth = 8<LI>Call Chain = SystemInit
</UL>
<BR>[Calls]<UL><LI><a href="#[5f]">&gt;&gt;</a>&nbsp;&nbsp;&nbsp;SystemInitHook
</UL>
<BR>[Address Reference Count : 1]<UL><LI> startup_mkl46z4.o(.text)
</UL>
<P><STRONG><a name="[5f]"></a>SystemInitHook</STRONG> (Thumb, 2 bytes, Stack size 0 bytes, system_mkl46z4.o(i.SystemInitHook))
<BR><BR>[Called By]<UL><LI><a href="#[2b]">&gt;&gt;</a>&nbsp;&nbsp;&nbsp;SystemInit
</UL>

<P><STRONG><a name="[73]"></a>WriteToI2C</STRONG> (Thumb, 6 bytes, Stack size 0 bytes, i2c.o(i.WriteToI2C))
<BR><BR>[Called By]<UL><LI><a href="#[72]">&gt;&gt;</a>&nbsp;&nbsp;&nbsp;mma_set
<LI><a href="#[6d]">&gt;&gt;</a>&nbsp;&nbsp;&nbsp;mma_read
</UL>

<P><STRONG><a name="[7a]"></a>__ARM_fpclassify</STRONG> (Thumb, 40 bytes, Stack size 0 bytes, fpclassify.o(i.__ARM_fpclassify))
<BR><BR>[Called By]<UL><LI><a href="#[6e]">&gt;&gt;</a>&nbsp;&nbsp;&nbsp;pow
</UL>

<P><STRONG><a name="[60]"></a>__kernel_poly</STRONG> (Thumb, 172 bytes, Stack size 24 bytes, poly.o(i.__kernel_poly))
<BR><BR>[Stack]<UL><LI>Max Depth = 80<LI>Call Chain = __kernel_poly &rArr; __aeabi_dmul
</UL>
<BR>[Calls]<UL><LI><a href="#[61]">&gt;&gt;</a>&nbsp;&nbsp;&nbsp;__aeabi_dmul
<LI><a href="#[62]">&gt;&gt;</a>&nbsp;&nbsp;&nbsp;__aeabi_dadd
</UL>
<BR>[Called By]<UL><LI><a href="#[6e]">&gt;&gt;</a>&nbsp;&nbsp;&nbsp;pow
</UL>

<P><STRONG><a name="[63]"></a>__mathlib_dbl_divzero</STRONG> (Thumb, 16 bytes, Stack size 8 bytes, dunder.o(i.__mathlib_dbl_divzero))
<BR><BR>[Stack]<UL><LI>Max Depth = 72<LI>Call Chain = __mathlib_dbl_divzero &rArr; __aeabi_ddiv
</UL>
<BR>[Calls]<UL><LI><a href="#[64]">&gt;&gt;</a>&nbsp;&nbsp;&nbsp;__aeabi_ddiv
</UL>
<BR>[Called By]<UL><LI><a href="#[6e]">&gt;&gt;</a>&nbsp;&nbsp;&nbsp;pow
</UL>

<P><STRONG><a name="[65]"></a>__mathlib_dbl_infnan2</STRONG> (Thumb, 8 bytes, Stack size 8 bytes, dunder.o(i.__mathlib_dbl_infnan2))
<BR><BR>[Stack]<UL><LI>Max Depth = 16<LI>Call Chain = __mathlib_dbl_infnan2 &rArr; __aeabi_dadd
</UL>
<BR>[Calls]<UL><LI><a href="#[62]">&gt;&gt;</a>&nbsp;&nbsp;&nbsp;__aeabi_dadd
</UL>
<BR>[Called By]<UL><LI><a href="#[6e]">&gt;&gt;</a>&nbsp;&nbsp;&nbsp;pow
</UL>

<P><STRONG><a name="[66]"></a>__mathlib_dbl_invalid</STRONG> (Thumb, 16 bytes, Stack size 8 bytes, dunder.o(i.__mathlib_dbl_invalid))
<BR><BR>[Stack]<UL><LI>Max Depth = 72<LI>Call Chain = __mathlib_dbl_invalid &rArr; __aeabi_ddiv
</UL>
<BR>[Calls]<UL><LI><a href="#[64]">&gt;&gt;</a>&nbsp;&nbsp;&nbsp;__aeabi_ddiv
</UL>
<BR>[Called By]<UL><LI><a href="#[6e]">&gt;&gt;</a>&nbsp;&nbsp;&nbsp;pow
</UL>

<P><STRONG><a name="[67]"></a>__mathlib_dbl_overflow</STRONG> (Thumb, 16 bytes, Stack size 8 bytes, dunder.o(i.__mathlib_dbl_overflow))
<BR><BR>[Stack]<UL><LI>Max Depth = 24<LI>Call Chain = __mathlib_dbl_overflow &rArr; __ARM_scalbn
</UL>
<BR>[Calls]<UL><LI><a href="#[68]">&gt;&gt;</a>&nbsp;&nbsp;&nbsp;__ARM_scalbn
</UL>
<BR>[Called By]<UL><LI><a href="#[6e]">&gt;&gt;</a>&nbsp;&nbsp;&nbsp;pow
</UL>

<P><STRONG><a name="[69]"></a>__mathlib_dbl_underflow</STRONG> (Thumb, 14 bytes, Stack size 8 bytes, dunder.o(i.__mathlib_dbl_underflow))
<BR><BR>[Stack]<UL><LI>Max Depth = 24<LI>Call Chain = __mathlib_dbl_underflow &rArr; __ARM_scalbn
</UL>
<BR>[Calls]<UL><LI><a href="#[68]">&gt;&gt;</a>&nbsp;&nbsp;&nbsp;__ARM_scalbn
</UL>
<BR>[Called By]<UL><LI><a href="#[6e]">&gt;&gt;</a>&nbsp;&nbsp;&nbsp;pow
</UL>

<P><STRONG><a name="[42]"></a>main</STRONG> (Thumb, 298 bytes, Stack size 64 bytes, main.o(i.main))
<BR><BR>[Stack]<UL><LI>Max Depth = 272<LI>Call Chain = main &rArr; pow &rArr; __kernel_poly &rArr; __aeabi_dmul
</UL>
<BR>[Calls]<UL><LI><a href="#[6f]">&gt;&gt;</a>&nbsp;&nbsp;&nbsp;sqrt
<LI><a href="#[6e]">&gt;&gt;</a>&nbsp;&nbsp;&nbsp;pow
<LI><a href="#[4f]">&gt;&gt;</a>&nbsp;&nbsp;&nbsp;__aeabi_i2d
<LI><a href="#[70]">&gt;&gt;</a>&nbsp;&nbsp;&nbsp;__aeabi_d2uiz
<LI><a href="#[64]">&gt;&gt;</a>&nbsp;&nbsp;&nbsp;__aeabi_ddiv
<LI><a href="#[62]">&gt;&gt;</a>&nbsp;&nbsp;&nbsp;__aeabi_dadd
<LI><a href="#[6d]">&gt;&gt;</a>&nbsp;&nbsp;&nbsp;mma_read
<LI><a href="#[6c]">&gt;&gt;</a>&nbsp;&nbsp;&nbsp;mma_init
<LI><a href="#[6a]">&gt;&gt;</a>&nbsp;&nbsp;&nbsp;SystemClockConfiguration
<LI><a href="#[6b]">&gt;&gt;</a>&nbsp;&nbsp;&nbsp;SegLCD_Init
<LI><a href="#[5b]">&gt;&gt;</a>&nbsp;&nbsp;&nbsp;SegLCD_DisplayDecimal
</UL>
<BR>[Called By]<UL><LI><a href="#[41]">&gt;&gt;</a>&nbsp;&nbsp;&nbsp;__rt_entry_main
</UL>

<P><STRONG><a name="[6c]"></a>mma_init</STRONG> (Thumb, 24 bytes, Stack size 8 bytes, mma.o(i.mma_init))
<BR><BR>[Stack]<UL><LI>Max Depth = 24<LI>Call Chain = mma_init &rArr; mma_set
</UL>
<BR>[Calls]<UL><LI><a href="#[72]">&gt;&gt;</a>&nbsp;&nbsp;&nbsp;mma_set
<LI><a href="#[71]">&gt;&gt;</a>&nbsp;&nbsp;&nbsp;InitI2C
</UL>
<BR>[Called By]<UL><LI><a href="#[42]">&gt;&gt;</a>&nbsp;&nbsp;&nbsp;main
</UL>

<P><STRONG><a name="[6d]"></a>mma_read</STRONG> (Thumb, 150 bytes, Stack size 16 bytes, mma.o(i.mma_read))
<BR><BR>[Stack]<UL><LI>Max Depth = 16<LI>Call Chain = mma_read
</UL>
<BR>[Calls]<UL><LI><a href="#[76]">&gt;&gt;</a>&nbsp;&nbsp;&nbsp;pause
<LI><a href="#[73]">&gt;&gt;</a>&nbsp;&nbsp;&nbsp;WriteToI2C
<LI><a href="#[75]">&gt;&gt;</a>&nbsp;&nbsp;&nbsp;I2C_Get_Ack
<LI><a href="#[74]">&gt;&gt;</a>&nbsp;&nbsp;&nbsp;I2CWait
</UL>
<BR>[Called By]<UL><LI><a href="#[42]">&gt;&gt;</a>&nbsp;&nbsp;&nbsp;main
</UL>

<P><STRONG><a name="[72]"></a>mma_set</STRONG> (Thumb, 102 bytes, Stack size 16 bytes, mma.o(i.mma_set))
<BR><BR>[Stack]<UL><LI>Max Depth = 16<LI>Call Chain = mma_set
</UL>
<BR>[Calls]<UL><LI><a href="#[76]">&gt;&gt;</a>&nbsp;&nbsp;&nbsp;pause
<LI><a href="#[73]">&gt;&gt;</a>&nbsp;&nbsp;&nbsp;WriteToI2C
<LI><a href="#[75]">&gt;&gt;</a>&nbsp;&nbsp;&nbsp;I2C_Get_Ack
<LI><a href="#[74]">&gt;&gt;</a>&nbsp;&nbsp;&nbsp;I2CWait
</UL>
<BR>[Called By]<UL><LI><a href="#[6c]">&gt;&gt;</a>&nbsp;&nbsp;&nbsp;mma_init
</UL>

<P><STRONG><a name="[6e]"></a>pow</STRONG> (Thumb, 2548 bytes, Stack size 128 bytes, pow.o(i.pow))
<BR><BR>[Stack]<UL><LI>Max Depth = 208<LI>Call Chain = pow &rArr; __kernel_poly &rArr; __aeabi_dmul
</UL>
<BR>[Calls]<UL><LI><a href="#[60]">&gt;&gt;</a>&nbsp;&nbsp;&nbsp;__kernel_poly
<LI><a href="#[7a]">&gt;&gt;</a>&nbsp;&nbsp;&nbsp;__ARM_fpclassify
<LI><a href="#[69]">&gt;&gt;</a>&nbsp;&nbsp;&nbsp;__mathlib_dbl_underflow
<LI><a href="#[67]">&gt;&gt;</a>&nbsp;&nbsp;&nbsp;__mathlib_dbl_overflow
<LI><a href="#[66]">&gt;&gt;</a>&nbsp;&nbsp;&nbsp;__mathlib_dbl_invalid
<LI><a href="#[65]">&gt;&gt;</a>&nbsp;&nbsp;&nbsp;__mathlib_dbl_infnan2
<LI><a href="#[63]">&gt;&gt;</a>&nbsp;&nbsp;&nbsp;__mathlib_dbl_divzero
<LI><a href="#[68]">&gt;&gt;</a>&nbsp;&nbsp;&nbsp;__ARM_scalbn
<LI><a href="#[79]">&gt;&gt;</a>&nbsp;&nbsp;&nbsp;__aeabi_cdrcmple
<LI><a href="#[61]">&gt;&gt;</a>&nbsp;&nbsp;&nbsp;__aeabi_dmul
<LI><a href="#[54]">&gt;&gt;</a>&nbsp;&nbsp;&nbsp;__set_errno
<LI><a href="#[6f]">&gt;&gt;</a>&nbsp;&nbsp;&nbsp;sqrt
<LI><a href="#[4f]">&gt;&gt;</a>&nbsp;&nbsp;&nbsp;__aeabi_i2d
<LI><a href="#[64]">&gt;&gt;</a>&nbsp;&nbsp;&nbsp;__aeabi_ddiv
<LI><a href="#[78]">&gt;&gt;</a>&nbsp;&nbsp;&nbsp;__aeabi_drsub
<LI><a href="#[77]">&gt;&gt;</a>&nbsp;&nbsp;&nbsp;__aeabi_dsub
<LI><a href="#[62]">&gt;&gt;</a>&nbsp;&nbsp;&nbsp;__aeabi_dadd
</UL>
<BR>[Called By]<UL><LI><a href="#[42]">&gt;&gt;</a>&nbsp;&nbsp;&nbsp;main
</UL>

<P><STRONG><a name="[6f]"></a>sqrt</STRONG> (Thumb, 66 bytes, Stack size 24 bytes, sqrt.o(i.sqrt))
<BR><BR>[Stack]<UL><LI>Max Depth = 44<LI>Call Chain = sqrt &rArr; _dsqrt
</UL>
<BR>[Calls]<UL><LI><a href="#[7b]">&gt;&gt;</a>&nbsp;&nbsp;&nbsp;_dsqrt
<LI><a href="#[54]">&gt;&gt;</a>&nbsp;&nbsp;&nbsp;__set_errno
</UL>
<BR>[Called By]<UL><LI><a href="#[6e]">&gt;&gt;</a>&nbsp;&nbsp;&nbsp;pow
<LI><a href="#[42]">&gt;&gt;</a>&nbsp;&nbsp;&nbsp;main
</UL>

<P><STRONG><a name="[79]"></a>__aeabi_cdrcmple</STRONG> (Thumb, 0 bytes, Stack size 32 bytes, drlef.o(x$fpl$drleqf))
<BR><BR>[Stack]<UL><LI>Max Depth = 32<LI>Call Chain = __aeabi_cdrcmple
</UL>
<BR>[Called By]<UL><LI><a href="#[6e]">&gt;&gt;</a>&nbsp;&nbsp;&nbsp;pow
</UL>

<P><STRONG><a name="[7c]"></a>_drcmple</STRONG> (Thumb, 100 bytes, Stack size 32 bytes, drlef.o(x$fpl$drleqf), UNUSED)
<BR><BR>[Calls]<UL><LI><a href="#[55]">&gt;&gt;</a>&nbsp;&nbsp;&nbsp;__fpl_dcmp_InfNaN
</UL>
<P>
<H3>
Local Symbols
</H3>
<P><STRONG><a name="[76]"></a>pause</STRONG> (Thumb, 14 bytes, Stack size 0 bytes, mma.o(i.pause))
<BR><BR>[Called By]<UL><LI><a href="#[72]">&gt;&gt;</a>&nbsp;&nbsp;&nbsp;mma_set
<LI><a href="#[6d]">&gt;&gt;</a>&nbsp;&nbsp;&nbsp;mma_read
</UL>

<P><STRONG><a name="[4a]"></a>_dadd1</STRONG> (Thumb, 290 bytes, Stack size 20 bytes, daddsub.o(.text), UNUSED)
<BR><BR>[Called By]<UL><LI><a href="#[4c]">&gt;&gt;</a>&nbsp;&nbsp;&nbsp;_drsb
<LI><a href="#[4b]">&gt;&gt;</a>&nbsp;&nbsp;&nbsp;_dsub
<LI><a href="#[48]">&gt;&gt;</a>&nbsp;&nbsp;&nbsp;_dadd
</UL>

<P><STRONG><a name="[49]"></a>_dsub1</STRONG> (Thumb, 470 bytes, Stack size 40 bytes, daddsub.o(.text), UNUSED)
<BR><BR>[Called By]<UL><LI><a href="#[4c]">&gt;&gt;</a>&nbsp;&nbsp;&nbsp;_drsb
<LI><a href="#[4b]">&gt;&gt;</a>&nbsp;&nbsp;&nbsp;_dsub
<LI><a href="#[48]">&gt;&gt;</a>&nbsp;&nbsp;&nbsp;_dadd
</UL>
<P>
<H3>
Undefined Global Symbols
</H3>
<P><STRONG><a name="[58]"></a>_call_atexit_fns</STRONG> (ARM, 0 bytes, Stack size 0 bytes, UNDEFINED)
<BR><BR>[Called By]<UL><LI><a href="#[43]">&gt;&gt;</a>&nbsp;&nbsp;&nbsp;exit
</UL>
<HR></body></html>
